2026-01-12T22:59:17.0317431Z Current runner version: '2.330.0'
2026-01-12T22:59:17.0351213Z ##[group]Runner Image Provisioner
2026-01-12T22:59:17.0351978Z Hosted Compute Agent
2026-01-12T22:59:17.0352514Z Version: 20251211.462
2026-01-12T22:59:17.0353222Z Commit: 6cbad8c2bb55d58165063d031ccabf57e2d2db61
2026-01-12T22:59:17.0353884Z Build Date: 2025-12-11T16:28:49Z
2026-01-12T22:59:17.0354524Z Worker ID: {820d931c-d56e-4610-9908-a23c075caf7c}
2026-01-12T22:59:17.0355265Z ##[endgroup]
2026-01-12T22:59:17.0355802Z ##[group]Operating System
2026-01-12T22:59:17.0356328Z Ubuntu
2026-01-12T22:59:17.0356856Z 24.04.3
2026-01-12T22:59:17.0357286Z LTS
2026-01-12T22:59:17.0357739Z ##[endgroup]
2026-01-12T22:59:17.0358225Z ##[group]Runner Image
2026-01-12T22:59:17.0358823Z Image: ubuntu-24.04
2026-01-12T22:59:17.0359330Z Version: 20260105.202.1
2026-01-12T22:59:17.0360608Z Included Software: https://github.com/actions/runner-images/blob/ubuntu24/20260105.202/images/ubuntu/Ubuntu2404-Readme.md
2026-01-12T22:59:17.0362162Z Image Release: https://github.com/actions/runner-images/releases/tag/ubuntu24%2F20260105.202
2026-01-12T22:59:17.0363214Z ##[endgroup]
2026-01-12T22:59:17.0364270Z ##[group]GITHUB_TOKEN Permissions
2026-01-12T22:59:17.0366350Z Contents: read
2026-01-12T22:59:17.0366878Z Metadata: read
2026-01-12T22:59:17.0367378Z Packages: read
2026-01-12T22:59:17.0367820Z ##[endgroup]
2026-01-12T22:59:17.0370611Z Secret source: Actions
2026-01-12T22:59:17.0371572Z Prepare workflow directory
2026-01-12T22:59:17.0697019Z Prepare all required actions
2026-01-12T22:59:17.0733876Z Getting action download info
2026-01-12T22:59:17.3953205Z Download action repository 'actions/checkout@v4' (SHA:34e114876b0b11c390a56381ad16ebd13914f8d5)
2026-01-12T22:59:17.5096049Z Download action repository 'oven-sh/setup-bun@v1' (SHA:f4d14e03ff726c06358e5557344e1da148b56cf7)
2026-01-12T22:59:17.7245677Z Download action repository 'actions/upload-artifact@v4' (SHA:ea165f8d65b6e75b540449e92b4886f43607fa02)
2026-01-12T22:59:17.9394387Z Complete job name: E2E Tests
2026-01-12T22:59:18.0132628Z ##[group]Run actions/checkout@v4
2026-01-12T22:59:18.0133466Z with:
2026-01-12T22:59:18.0133893Z   repository: aliyev12/Portfolio-Chatbot
2026-01-12T22:59:18.0134587Z   token: ***
2026-01-12T22:59:18.0134967Z   ssh-strict: true
2026-01-12T22:59:18.0135359Z   ssh-user: git
2026-01-12T22:59:18.0135764Z   persist-credentials: true
2026-01-12T22:59:18.0136202Z   clean: true
2026-01-12T22:59:18.0136600Z   sparse-checkout-cone-mode: true
2026-01-12T22:59:18.0137067Z   fetch-depth: 1
2026-01-12T22:59:18.0137455Z   fetch-tags: false
2026-01-12T22:59:18.0137858Z   show-progress: true
2026-01-12T22:59:18.0138258Z   lfs: false
2026-01-12T22:59:18.0138620Z   submodules: false
2026-01-12T22:59:18.0139021Z   set-safe-directory: true
2026-01-12T22:59:18.0139935Z ##[endgroup]
2026-01-12T22:59:18.1217890Z Syncing repository: aliyev12/Portfolio-Chatbot
2026-01-12T22:59:18.1219546Z ##[group]Getting Git version info
2026-01-12T22:59:18.1220564Z Working directory is '/home/runner/work/Portfolio-Chatbot/Portfolio-Chatbot'
2026-01-12T22:59:18.1221627Z [command]/usr/bin/git version
2026-01-12T22:59:18.1326561Z git version 2.52.0
2026-01-12T22:59:18.1353703Z ##[endgroup]
2026-01-12T22:59:18.1369246Z Temporarily overriding HOME='/home/runner/work/_temp/c4972af9-f826-4071-bcb4-7bd36a9eb55d' before making global git config changes
2026-01-12T22:59:18.1372402Z Adding repository directory to the temporary git global config as a safe directory
2026-01-12T22:59:18.1384646Z [command]/usr/bin/git config --global --add safe.directory /home/runner/work/Portfolio-Chatbot/Portfolio-Chatbot
2026-01-12T22:59:18.1422411Z Deleting the contents of '/home/runner/work/Portfolio-Chatbot/Portfolio-Chatbot'
2026-01-12T22:59:18.1425821Z ##[group]Initializing the repository
2026-01-12T22:59:18.1429965Z [command]/usr/bin/git init /home/runner/work/Portfolio-Chatbot/Portfolio-Chatbot
2026-01-12T22:59:18.1571663Z hint: Using 'master' as the name for the initial branch. This default branch name
2026-01-12T22:59:18.1573278Z hint: will change to "main" in Git 3.0. To configure the initial branch name
2026-01-12T22:59:18.1574982Z hint: to use in all of your new repositories, which will suppress this warning,
2026-01-12T22:59:18.1575774Z hint: call:
2026-01-12T22:59:18.1576256Z hint:
2026-01-12T22:59:18.1577193Z hint: 	git config --global init.defaultBranch <name>
2026-01-12T22:59:18.1578155Z hint:
2026-01-12T22:59:18.1579054Z hint: Names commonly chosen instead of 'master' are 'main', 'trunk' and
2026-01-12T22:59:18.1580764Z hint: 'development'. The just-created branch can be renamed via this command:
2026-01-12T22:59:18.1581571Z hint:
2026-01-12T22:59:18.1581973Z hint: 	git branch -m <name>
2026-01-12T22:59:18.1582745Z hint:
2026-01-12T22:59:18.1583452Z hint: Disable this message with "git config set advice.defaultBranchName false"
2026-01-12T22:59:18.1584548Z Initialized empty Git repository in /home/runner/work/Portfolio-Chatbot/Portfolio-Chatbot/.git/
2026-01-12T22:59:18.1588238Z [command]/usr/bin/git remote add origin https://github.com/aliyev12/Portfolio-Chatbot
2026-01-12T22:59:18.1623168Z ##[endgroup]
2026-01-12T22:59:18.1624360Z ##[group]Disabling automatic garbage collection
2026-01-12T22:59:18.1627892Z [command]/usr/bin/git config --local gc.auto 0
2026-01-12T22:59:18.1655998Z ##[endgroup]
2026-01-12T22:59:18.1657176Z ##[group]Setting up auth
2026-01-12T22:59:18.1663944Z [command]/usr/bin/git config --local --name-only --get-regexp core\.sshCommand
2026-01-12T22:59:18.1694377Z [command]/usr/bin/git submodule foreach --recursive sh -c "git config --local --name-only --get-regexp 'core\.sshCommand' && git config --local --unset-all 'core.sshCommand' || :"
2026-01-12T22:59:18.2051985Z [command]/usr/bin/git config --local --name-only --get-regexp http\.https\:\/\/github\.com\/\.extraheader
2026-01-12T22:59:18.2082405Z [command]/usr/bin/git submodule foreach --recursive sh -c "git config --local --name-only --get-regexp 'http\.https\:\/\/github\.com\/\.extraheader' && git config --local --unset-all 'http.https://github.com/.extraheader' || :"
2026-01-12T22:59:18.2297050Z [command]/usr/bin/git config --local --name-only --get-regexp ^includeIf\.gitdir:
2026-01-12T22:59:18.2327319Z [command]/usr/bin/git submodule foreach --recursive git config --local --show-origin --name-only --get-regexp remote.origin.url
2026-01-12T22:59:18.2554679Z [command]/usr/bin/git config --local http.https://github.com/.extraheader AUTHORIZATION: basic ***
2026-01-12T22:59:18.2588777Z ##[endgroup]
2026-01-12T22:59:18.2590330Z ##[group]Fetching the repository
2026-01-12T22:59:18.2598577Z [command]/usr/bin/git -c protocol.version=2 fetch --no-tags --prune --no-recurse-submodules --depth=1 origin +a60f23e87a4560a7b8ec6b9cef6adc538eadd610:refs/remotes/origin/main
2026-01-12T22:59:18.4807110Z From https://github.com/aliyev12/Portfolio-Chatbot
2026-01-12T22:59:18.4808087Z  * [new ref]         a60f23e87a4560a7b8ec6b9cef6adc538eadd610 -> origin/main
2026-01-12T22:59:18.4838073Z ##[endgroup]
2026-01-12T22:59:18.4838799Z ##[group]Determining the checkout info
2026-01-12T22:59:18.4840397Z ##[endgroup]
2026-01-12T22:59:18.4845263Z [command]/usr/bin/git sparse-checkout disable
2026-01-12T22:59:18.4884935Z [command]/usr/bin/git config --local --unset-all extensions.worktreeConfig
2026-01-12T22:59:18.4910076Z ##[group]Checking out the ref
2026-01-12T22:59:18.4913719Z [command]/usr/bin/git checkout --progress --force -B main refs/remotes/origin/main
2026-01-12T22:59:18.5026830Z Switched to a new branch 'main'
2026-01-12T22:59:18.5030334Z branch 'main' set up to track 'origin/main'.
2026-01-12T22:59:18.5036785Z ##[endgroup]
2026-01-12T22:59:18.5069177Z [command]/usr/bin/git log -1 --format=%H
2026-01-12T22:59:18.5091194Z a60f23e87a4560a7b8ec6b9cef6adc538eadd610
2026-01-12T22:59:18.5294914Z ##[group]Run oven-sh/setup-bun@v1
2026-01-12T22:59:18.5295492Z with:
2026-01-12T22:59:18.5295919Z   bun-version: 1.0.22
2026-01-12T22:59:18.5296330Z   no-cache: false
2026-01-12T22:59:18.5296703Z ##[endgroup]
2026-01-12T22:59:18.7760384Z ##[warning]Failed to restore: Cache service responded with 400
2026-01-12T22:59:18.7770435Z Downloading a new version of Bun: https://bun.sh/download/1.0.22/linux/x64?avx2=true&profile=false
2026-01-12T22:59:19.5595431Z [command]/usr/bin/unzip -o -q /home/runner/work/_temp/c0eaf6e2-9228-4ce5-9d04-578cd4af0c73
2026-01-12T22:59:20.2457327Z [command]/home/runner/.bun/bin/bun --revision
2026-01-12T22:59:20.2508242Z 1.0.22+b400b36ca
2026-01-12T22:59:20.2651995Z ##[group]Run bun install --frozen-lockfile
2026-01-12T22:59:20.2652479Z [36;1mbun install --frozen-lockfile[0m
2026-01-12T22:59:20.2691250Z shell: /usr/bin/bash -e {0}
2026-01-12T22:59:20.2691568Z ##[endgroup]
2026-01-12T22:59:20.2815077Z bun install v1.0.22 (b400b36c)
2026-01-12T22:59:21.3228068Z 
2026-01-12T22:59:21.3228542Z  + @portfolio-chatbot/backend@workspace:apps/backend
2026-01-12T22:59:21.3229361Z  + @portfolio-chatbot/frontend@workspace:apps/frontend
2026-01-12T22:59:21.3230205Z  + @portfolio-chatbot/shared@workspace:packages/shared
2026-01-12T22:59:21.3230726Z  + @eslint/js@9.39.2
2026-01-12T22:59:21.3231074Z  + @types/bun@1.3.5
2026-01-12T22:59:21.3231525Z  + @types/node@22.19.5
2026-01-12T22:59:21.3231910Z  + @typescript-eslint/eslint-plugin@8.52.0
2026-01-12T22:59:21.3232429Z  + @typescript-eslint/parser@8.52.0
2026-01-12T22:59:21.3232884Z  + eslint@9.39.2
2026-01-12T22:59:21.3233189Z  + eslint-config-prettier@9.1.2
2026-01-12T22:59:21.3233642Z  + eslint-plugin-react@7.37.5
2026-01-12T22:59:21.3234046Z  + eslint-plugin-react-hooks@5.2.0
2026-01-12T22:59:21.3234450Z  + globals@15.15.0
2026-01-12T22:59:21.3234749Z  + prettier@3.7.4
2026-01-12T22:59:21.3235061Z  + typescript@5.9.3
2026-01-12T22:59:21.3235299Z 
2026-01-12T22:59:21.3235450Z  416 packages installed [1044.00ms]
2026-01-12T22:59:21.3321812Z ##[group]Run bunx playwright install --with-deps chromium
2026-01-12T22:59:21.3322298Z [36;1mbunx playwright install --with-deps chromium[0m
2026-01-12T22:59:21.3362944Z shell: /usr/bin/bash -e {0}
2026-01-12T22:59:21.3363203Z ##[endgroup]
2026-01-12T22:59:21.9146249Z Installing dependencies...
2026-01-12T22:59:21.9215964Z Switching to root user to install dependencies...
2026-01-12T22:59:22.0485387Z Get:1 file:/etc/apt/apt-mirrors.txt Mirrorlist [144 B]
2026-01-12T22:59:22.0873652Z Hit:6 https://packages.microsoft.com/repos/azure-cli noble InRelease
2026-01-12T22:59:22.0874898Z Get:7 https://packages.microsoft.com/ubuntu/24.04/prod noble InRelease [3600 B]
2026-01-12T22:59:22.1561435Z Hit:2 http://azure.archive.ubuntu.com/ubuntu noble InRelease
2026-01-12T22:59:22.1570926Z Get:3 http://azure.archive.ubuntu.com/ubuntu noble-updates InRelease [126 kB]
2026-01-12T22:59:22.1633696Z Get:4 http://azure.archive.ubuntu.com/ubuntu noble-backports InRelease [126 kB]
2026-01-12T22:59:22.1682617Z Get:5 http://azure.archive.ubuntu.com/ubuntu noble-security InRelease [126 kB]
2026-01-12T22:59:22.2366887Z Get:8 https://packages.microsoft.com/ubuntu/24.04/prod noble/main armhf Packages [11.4 kB]
2026-01-12T22:59:22.2501825Z Get:9 https://packages.microsoft.com/ubuntu/24.04/prod noble/main arm64 Packages [60.7 kB]
2026-01-12T22:59:22.2535225Z Get:10 https://packages.microsoft.com/ubuntu/24.04/prod noble/main amd64 Packages [79.2 kB]
2026-01-12T22:59:22.3509192Z Get:11 http://azure.archive.ubuntu.com/ubuntu noble-updates/main amd64 Packages [1692 kB]
2026-01-12T22:59:22.3603694Z Get:12 http://azure.archive.ubuntu.com/ubuntu noble-updates/main Translation-en [313 kB]
2026-01-12T22:59:22.3629628Z Get:13 http://azure.archive.ubuntu.com/ubuntu noble-updates/main amd64 Components [175 kB]
2026-01-12T22:59:22.3650498Z Get:14 http://azure.archive.ubuntu.com/ubuntu noble-updates/main amd64 c-n-f Metadata [15.9 kB]
2026-01-12T22:59:22.3663807Z Get:15 http://azure.archive.ubuntu.com/ubuntu noble-updates/universe amd64 Packages [1510 kB]
2026-01-12T22:59:22.3750814Z Get:16 http://azure.archive.ubuntu.com/ubuntu noble-updates/universe Translation-en [307 kB]
2026-01-12T22:59:22.3774206Z Get:17 http://azure.archive.ubuntu.com/ubuntu noble-updates/universe amd64 Components [378 kB]
2026-01-12T22:59:22.3805938Z Get:18 http://azure.archive.ubuntu.com/ubuntu noble-updates/universe amd64 c-n-f Metadata [31.4 kB]
2026-01-12T22:59:22.3814236Z Get:19 http://azure.archive.ubuntu.com/ubuntu noble-updates/restricted amd64 Packages [2426 kB]
2026-01-12T22:59:22.3949896Z Get:20 http://azure.archive.ubuntu.com/ubuntu noble-updates/restricted Translation-en [554 kB]
2026-01-12T22:59:22.4425386Z Get:21 http://azure.archive.ubuntu.com/ubuntu noble-updates/restricted amd64 Components [212 B]
2026-01-12T22:59:22.4432413Z Get:22 http://azure.archive.ubuntu.com/ubuntu noble-updates/multiverse amd64 Components [940 B]
2026-01-12T22:59:22.4446276Z Get:23 http://azure.archive.ubuntu.com/ubuntu noble-backports/main amd64 Components [7300 B]
2026-01-12T22:59:22.4461318Z Get:24 http://azure.archive.ubuntu.com/ubuntu noble-backports/universe amd64 Components [10.5 kB]
2026-01-12T22:59:22.4468200Z Get:25 http://azure.archive.ubuntu.com/ubuntu noble-backports/restricted amd64 Components [212 B]
2026-01-12T22:59:22.4476305Z Get:26 http://azure.archive.ubuntu.com/ubuntu noble-backports/multiverse amd64 Components [212 B]
2026-01-12T22:59:22.4648258Z Get:27 http://azure.archive.ubuntu.com/ubuntu noble-security/main amd64 Packages [1402 kB]
2026-01-12T22:59:22.4738687Z Get:28 http://azure.archive.ubuntu.com/ubuntu noble-security/main Translation-en [227 kB]
2026-01-12T22:59:22.4759888Z Get:29 http://azure.archive.ubuntu.com/ubuntu noble-security/main amd64 Components [21.5 kB]
2026-01-12T22:59:22.4769553Z Get:30 http://azure.archive.ubuntu.com/ubuntu noble-security/main amd64 c-n-f Metadata [9724 B]
2026-01-12T22:59:22.4779480Z Get:31 http://azure.archive.ubuntu.com/ubuntu noble-security/universe amd64 Packages [920 kB]
2026-01-12T22:59:22.4830454Z Get:32 http://azure.archive.ubuntu.com/ubuntu noble-security/universe Translation-en [208 kB]
2026-01-12T22:59:22.4848315Z Get:33 http://azure.archive.ubuntu.com/ubuntu noble-security/universe amd64 Components [71.3 kB]
2026-01-12T22:59:22.4862856Z Get:34 http://azure.archive.ubuntu.com/ubuntu noble-security/universe amd64 c-n-f Metadata [19.7 kB]
2026-01-12T22:59:22.5355347Z Get:35 http://azure.archive.ubuntu.com/ubuntu noble-security/restricted amd64 Packages [2293 kB]
2026-01-12T22:59:22.5483091Z Get:36 http://azure.archive.ubuntu.com/ubuntu noble-security/restricted Translation-en [525 kB]
2026-01-12T22:59:22.5512025Z Get:37 http://azure.archive.ubuntu.com/ubuntu noble-security/restricted amd64 Components [212 B]
2026-01-12T22:59:22.5517485Z Get:38 http://azure.archive.ubuntu.com/ubuntu noble-security/multiverse Translation-en [6188 B]
2026-01-12T22:59:22.5526760Z Get:39 http://azure.archive.ubuntu.com/ubuntu noble-security/multiverse amd64 Components [208 B]
2026-01-12T22:59:33.7822502Z Fetched 13.7 MB in 2s (8165 kB/s)
2026-01-12T22:59:34.5256082Z Reading package lists...
2026-01-12T22:59:34.5520863Z Reading package lists...
2026-01-12T22:59:34.7145382Z Building dependency tree...
2026-01-12T22:59:34.7152627Z Reading state information...
2026-01-12T22:59:34.8754043Z libasound2t64 is already the newest version (1.2.11-1ubuntu0.1).
2026-01-12T22:59:34.8755122Z libasound2t64 set to manually installed.
2026-01-12T22:59:34.8756007Z libatk-bridge2.0-0t64 is already the newest version (2.52.0-1build1).
2026-01-12T22:59:34.8756910Z libatk-bridge2.0-0t64 set to manually installed.
2026-01-12T22:59:34.8757758Z libatk1.0-0t64 is already the newest version (2.52.0-1build1).
2026-01-12T22:59:34.8758485Z libatk1.0-0t64 set to manually installed.
2026-01-12T22:59:34.8759104Z libatspi2.0-0t64 is already the newest version (2.52.0-1build1).
2026-01-12T22:59:34.8760090Z libatspi2.0-0t64 set to manually installed.
2026-01-12T22:59:34.8760734Z libcairo2 is already the newest version (1.18.0-3build1).
2026-01-12T22:59:34.8761392Z libcairo2 set to manually installed.
2026-01-12T22:59:34.8762028Z libcups2t64 is already the newest version (2.4.7-1.2ubuntu7.9).
2026-01-12T22:59:34.8762474Z libcups2t64 set to manually installed.
2026-01-12T22:59:34.8762878Z libdbus-1-3 is already the newest version (1.14.10-4ubuntu4.1).
2026-01-12T22:59:34.8763295Z libdbus-1-3 set to manually installed.
2026-01-12T22:59:34.8764101Z libdrm2 is already the newest version (2.4.122-1~ubuntu0.24.04.2).
2026-01-12T22:59:34.8764532Z libdrm2 set to manually installed.
2026-01-12T22:59:34.8764915Z libgbm1 is already the newest version (25.0.7-0ubuntu0.24.04.2).
2026-01-12T22:59:34.8765325Z libgbm1 set to manually installed.
2026-01-12T22:59:34.8765691Z libnspr4 is already the newest version (2:4.35-1.1build1).
2026-01-12T22:59:34.8766085Z libnspr4 set to manually installed.
2026-01-12T22:59:34.8766457Z libnss3 is already the newest version (2:3.98-1build1).
2026-01-12T22:59:34.8766830Z libnss3 set to manually installed.
2026-01-12T22:59:34.8767432Z libpango-1.0-0 is already the newest version (1.52.1+ds-1build1).
2026-01-12T22:59:34.8768132Z libpango-1.0-0 set to manually installed.
2026-01-12T22:59:34.8768609Z libx11-6 is already the newest version (2:1.8.7-1build1).
2026-01-12T22:59:34.8768906Z libx11-6 set to manually installed.
2026-01-12T22:59:34.8769175Z libxcb1 is already the newest version (1.15-1ubuntu2).
2026-01-12T22:59:34.8769963Z libxcb1 set to manually installed.
2026-01-12T22:59:34.8770499Z libxcomposite1 is already the newest version (1:0.4.5-1build3).
2026-01-12T22:59:34.8771094Z libxcomposite1 set to manually installed.
2026-01-12T22:59:34.8771409Z libxdamage1 is already the newest version (1:1.1.6-1build1).
2026-01-12T22:59:34.8771723Z libxdamage1 set to manually installed.
2026-01-12T22:59:34.8772009Z libxext6 is already the newest version (2:1.3.4-1build2).
2026-01-12T22:59:34.8772303Z libxext6 set to manually installed.
2026-01-12T22:59:34.8772595Z libxfixes3 is already the newest version (1:6.0.0-2build1).
2026-01-12T22:59:34.8773142Z libxfixes3 set to manually installed.
2026-01-12T22:59:34.8773454Z libxkbcommon0 is already the newest version (1.6.0-1build1).
2026-01-12T22:59:34.8773759Z libxkbcommon0 set to manually installed.
2026-01-12T22:59:34.8774059Z libxrandr2 is already the newest version (2:1.5.2-2build1).
2026-01-12T22:59:34.8774349Z libxrandr2 set to manually installed.
2026-01-12T22:59:34.8774638Z xvfb is already the newest version (2:21.1.12-1ubuntu1.5).
2026-01-12T22:59:34.8775042Z fonts-noto-color-emoji is already the newest version (2.047-0ubuntu0.24.04.1).
2026-01-12T22:59:34.8775487Z libfontconfig1 is already the newest version (2.15.0-1.1ubuntu2).
2026-01-12T22:59:34.8775819Z libfontconfig1 set to manually installed.
2026-01-12T22:59:34.8776138Z libfreetype6 is already the newest version (2.13.2+dfsg-1build3).
2026-01-12T22:59:34.8776466Z libfreetype6 set to manually installed.
2026-01-12T22:59:34.8776771Z fonts-liberation is already the newest version (1:2.1.5-3).
2026-01-12T22:59:34.8777099Z fonts-liberation set to manually installed.
2026-01-12T22:59:34.8777396Z The following additional packages will be installed:
2026-01-12T22:59:34.8777835Z   gir1.2-glib-2.0 libglib2.0-bin libglib2.0-data xfonts-encodings xfonts-utils
2026-01-12T22:59:34.8778223Z Suggested packages:
2026-01-12T22:59:34.8778409Z   low-memory-monitor
2026-01-12T22:59:34.8778598Z Recommended packages:
2026-01-12T22:59:34.8778814Z   fonts-ipafont-mincho fonts-tlwg-loma
2026-01-12T22:59:34.9257345Z The following NEW packages will be installed:
2026-01-12T22:59:34.9263827Z   fonts-freefont-ttf fonts-ipafont-gothic fonts-tlwg-loma-otf fonts-unifont
2026-01-12T22:59:34.9264880Z   fonts-wqy-zenhei xfonts-cyrillic xfonts-encodings xfonts-scalable
2026-01-12T22:59:34.9265429Z   xfonts-utils
2026-01-12T22:59:34.9267141Z The following packages will be upgraded:
2026-01-12T22:59:34.9272937Z   gir1.2-glib-2.0 libglib2.0-0t64 libglib2.0-bin libglib2.0-data
2026-01-12T22:59:34.9441958Z 4 upgraded, 9 newly installed, 0 to remove and 115 not upgraded.
2026-01-12T22:59:34.9443620Z Need to get 23.0 MB of archives.
2026-01-12T22:59:34.9445063Z After this operation, 79.6 MB of additional disk space will be used.
2026-01-12T22:59:34.9445831Z Get:1 file:/etc/apt/apt-mirrors.txt Mirrorlist [144 B]
2026-01-12T22:59:34.9630661Z Get:2 http://azure.archive.ubuntu.com/ubuntu noble/universe amd64 fonts-ipafont-gothic all 00303-21ubuntu1 [3513 kB]
2026-01-12T22:59:34.9898094Z Get:3 http://azure.archive.ubuntu.com/ubuntu noble-updates/main amd64 libglib2.0-data all 2.80.0-6ubuntu3.6 [49.3 kB]
2026-01-12T22:59:34.9923106Z Get:4 http://azure.archive.ubuntu.com/ubuntu noble-updates/main amd64 libglib2.0-bin amd64 2.80.0-6ubuntu3.6 [98.3 kB]
2026-01-12T22:59:34.9950459Z Get:5 http://azure.archive.ubuntu.com/ubuntu noble-updates/main amd64 gir1.2-glib-2.0 amd64 2.80.0-6ubuntu3.6 [183 kB]
2026-01-12T22:59:34.9986513Z Get:6 http://azure.archive.ubuntu.com/ubuntu noble-updates/main amd64 libglib2.0-0t64 amd64 2.80.0-6ubuntu3.6 [1545 kB]
2026-01-12T22:59:35.0111338Z Get:7 http://azure.archive.ubuntu.com/ubuntu noble/main amd64 fonts-freefont-ttf all 20211204+svn4273-2 [5641 kB]
2026-01-12T22:59:35.0490522Z Get:8 http://azure.archive.ubuntu.com/ubuntu noble/universe amd64 fonts-tlwg-loma-otf all 1:0.7.3-1 [107 kB]
2026-01-12T22:59:35.0513671Z Get:9 http://azure.archive.ubuntu.com/ubuntu noble/universe amd64 fonts-unifont all 1:15.1.01-1build1 [2993 kB]
2026-01-12T22:59:35.0724439Z Get:10 http://azure.archive.ubuntu.com/ubuntu noble/universe amd64 fonts-wqy-zenhei all 0.9.45-8 [7472 kB]
2026-01-12T22:59:35.1229881Z Get:11 http://azure.archive.ubuntu.com/ubuntu noble/main amd64 xfonts-encodings all 1:1.0.5-0ubuntu2 [578 kB]
2026-01-12T22:59:35.1292891Z Get:12 http://azure.archive.ubuntu.com/ubuntu noble/main amd64 xfonts-utils amd64 1:7.7+6build3 [94.4 kB]
2026-01-12T22:59:35.1315464Z Get:13 http://azure.archive.ubuntu.com/ubuntu noble/universe amd64 xfonts-cyrillic all 1:1.0.5+nmu1 [384 kB]
2026-01-12T22:59:35.1358741Z Get:14 http://azure.archive.ubuntu.com/ubuntu noble/main amd64 xfonts-scalable all 1:1.0.3-1.3 [304 kB]
2026-01-12T22:59:35.4004739Z Fetched 23.0 MB in 0s (112 MB/s)
2026-01-12T22:59:35.4598026Z Selecting previously unselected package fonts-ipafont-gothic.
2026-01-12T22:59:35.5168113Z (Reading database ... 
2026-01-12T22:59:35.5168539Z (Reading database ... 5%
2026-01-12T22:59:35.5168883Z (Reading database ... 10%
2026-01-12T22:59:35.5169243Z (Reading database ... 15%
2026-01-12T22:59:35.5169615Z (Reading database ... 20%
2026-01-12T22:59:35.5170172Z (Reading database ... 25%
2026-01-12T22:59:35.5170546Z (Reading database ... 30%
2026-01-12T22:59:35.5170892Z (Reading database ... 35%
2026-01-12T22:59:35.5171240Z (Reading database ... 40%
2026-01-12T22:59:35.5171596Z (Reading database ... 45%
2026-01-12T22:59:35.5171932Z (Reading database ... 50%
2026-01-12T22:59:35.5676759Z (Reading database ... 55%
2026-01-12T22:59:35.9122945Z (Reading database ... 60%
2026-01-12T22:59:36.0780908Z (Reading database ... 65%
2026-01-12T22:59:36.1618769Z (Reading database ... 70%
2026-01-12T22:59:36.2748232Z (Reading database ... 75%
2026-01-12T22:59:36.7706588Z (Reading database ... 80%
2026-01-12T22:59:37.3962345Z (Reading database ... 85%
2026-01-12T22:59:38.0437403Z (Reading database ... 90%
2026-01-12T22:59:38.5949194Z (Reading database ... 95%
2026-01-12T22:59:38.5955180Z (Reading database ... 100%
2026-01-12T22:59:38.5956063Z (Reading database ... 217518 files and directories currently installed.)
2026-01-12T22:59:38.5998409Z Preparing to unpack .../00-fonts-ipafont-gothic_00303-21ubuntu1_all.deb ...
2026-01-12T22:59:38.6091722Z Unpacking fonts-ipafont-gothic (00303-21ubuntu1) ...
2026-01-12T22:59:38.8513475Z Preparing to unpack .../01-libglib2.0-data_2.80.0-6ubuntu3.6_all.deb ...
2026-01-12T22:59:38.8542536Z Unpacking libglib2.0-data (2.80.0-6ubuntu3.6) over (2.80.0-6ubuntu3.4) ...
2026-01-12T22:59:38.8945270Z Preparing to unpack .../02-libglib2.0-bin_2.80.0-6ubuntu3.6_amd64.deb ...
2026-01-12T22:59:38.8975142Z Unpacking libglib2.0-bin (2.80.0-6ubuntu3.6) over (2.80.0-6ubuntu3.4) ...
2026-01-12T22:59:39.0291498Z Preparing to unpack .../03-gir1.2-glib-2.0_2.80.0-6ubuntu3.6_amd64.deb ...
2026-01-12T22:59:39.0331842Z Unpacking gir1.2-glib-2.0:amd64 (2.80.0-6ubuntu3.6) over (2.80.0-6ubuntu3.4) ...
2026-01-12T22:59:39.0778888Z Preparing to unpack .../04-libglib2.0-0t64_2.80.0-6ubuntu3.6_amd64.deb ...
2026-01-12T22:59:39.0868889Z Unpacking libglib2.0-0t64:amd64 (2.80.0-6ubuntu3.6) over (2.80.0-6ubuntu3.4) ...
2026-01-12T22:59:39.1381792Z Selecting previously unselected package fonts-freefont-ttf.
2026-01-12T22:59:39.1517105Z Preparing to unpack .../05-fonts-freefont-ttf_20211204+svn4273-2_all.deb ...
2026-01-12T22:59:39.1527992Z Unpacking fonts-freefont-ttf (20211204+svn4273-2) ...
2026-01-12T22:59:39.2443016Z Selecting previously unselected package fonts-tlwg-loma-otf.
2026-01-12T22:59:39.2575788Z Preparing to unpack .../06-fonts-tlwg-loma-otf_1%3a0.7.3-1_all.deb ...
2026-01-12T22:59:39.2585842Z Unpacking fonts-tlwg-loma-otf (1:0.7.3-1) ...
2026-01-12T22:59:39.2808236Z Selecting previously unselected package fonts-unifont.
2026-01-12T22:59:39.2942316Z Preparing to unpack .../07-fonts-unifont_1%3a15.1.01-1build1_all.deb ...
2026-01-12T22:59:39.2953459Z Unpacking fonts-unifont (1:15.1.01-1build1) ...
2026-01-12T22:59:39.4158815Z Selecting previously unselected package fonts-wqy-zenhei.
2026-01-12T22:59:39.4294856Z Preparing to unpack .../08-fonts-wqy-zenhei_0.9.45-8_all.deb ...
2026-01-12T22:59:39.4438074Z Unpacking fonts-wqy-zenhei (0.9.45-8) ...
2026-01-12T22:59:39.9057975Z Selecting previously unselected package xfonts-encodings.
2026-01-12T22:59:39.9192659Z Preparing to unpack .../09-xfonts-encodings_1%3a1.0.5-0ubuntu2_all.deb ...
2026-01-12T22:59:39.9204585Z Unpacking xfonts-encodings (1:1.0.5-0ubuntu2) ...
2026-01-12T22:59:39.9520998Z Selecting previously unselected package xfonts-utils.
2026-01-12T22:59:39.9655428Z Preparing to unpack .../10-xfonts-utils_1%3a7.7+6build3_amd64.deb ...
2026-01-12T22:59:39.9667364Z Unpacking xfonts-utils (1:7.7+6build3) ...
2026-01-12T22:59:40.0430103Z Selecting previously unselected package xfonts-cyrillic.
2026-01-12T22:59:40.0564052Z Preparing to unpack .../11-xfonts-cyrillic_1%3a1.0.5+nmu1_all.deb ...
2026-01-12T22:59:40.0580662Z Unpacking xfonts-cyrillic (1:1.0.5+nmu1) ...
2026-01-12T22:59:40.0964951Z Selecting previously unselected package xfonts-scalable.
2026-01-12T22:59:40.1097737Z Preparing to unpack .../12-xfonts-scalable_1%3a1.0.3-1.3_all.deb ...
2026-01-12T22:59:40.1112498Z Unpacking xfonts-scalable (1:1.0.3-1.3) ...
2026-01-12T22:59:40.1556693Z Setting up fonts-wqy-zenhei (0.9.45-8) ...
2026-01-12T22:59:40.1701658Z Setting up fonts-freefont-ttf (20211204+svn4273-2) ...
2026-01-12T22:59:40.1727089Z Setting up libglib2.0-0t64:amd64 (2.80.0-6ubuntu3.6) ...
2026-01-12T22:59:40.2057522Z Setting up libglib2.0-data (2.80.0-6ubuntu3.6) ...
2026-01-12T22:59:40.2089965Z Setting up fonts-tlwg-loma-otf (1:0.7.3-1) ...
2026-01-12T22:59:40.2116592Z Setting up xfonts-encodings (1:1.0.5-0ubuntu2) ...
2026-01-12T22:59:40.2142388Z Setting up gir1.2-glib-2.0:amd64 (2.80.0-6ubuntu3.6) ...
2026-01-12T22:59:40.2173776Z Setting up fonts-ipafont-gothic (00303-21ubuntu1) ...
2026-01-12T22:59:40.2244068Z update-alternatives: using /usr/share/fonts/opentype/ipafont-gothic/ipag.ttf to provide /usr/share/fonts/truetype/fonts-japanese-gothic.ttf (fonts-japanese-gothic.ttf) in auto mode
2026-01-12T22:59:40.2263680Z Setting up fonts-unifont (1:15.1.01-1build1) ...
2026-01-12T22:59:40.2290482Z Setting up libglib2.0-bin (2.80.0-6ubuntu3.6) ...
2026-01-12T22:59:40.2326380Z Setting up xfonts-utils (1:7.7+6build3) ...
2026-01-12T22:59:40.2373019Z Setting up xfonts-cyrillic (1:1.0.5+nmu1) ...
2026-01-12T22:59:40.2868431Z Setting up xfonts-scalable (1:1.0.3-1.3) ...
2026-01-12T22:59:40.3276340Z Processing triggers for libc-bin (2.39-0ubuntu8.6) ...
2026-01-12T22:59:40.4029165Z Processing triggers for man-db (2.12.0-4build2) ...
2026-01-12T22:59:40.4142707Z Not building database; man-db/auto-update is not 'true'.
2026-01-12T22:59:40.4158530Z Processing triggers for fontconfig (2.15.0-1.1ubuntu2) ...
2026-01-12T22:59:41.7869544Z 
2026-01-12T22:59:41.7870386Z Running kernel seems to be up-to-date.
2026-01-12T22:59:41.7870815Z 
2026-01-12T22:59:41.7870990Z Restarting services...
2026-01-12T22:59:41.8303896Z  systemctl restart packagekit.service php8.3-fpm.service polkit.service udisks2.service
2026-01-12T22:59:41.9495020Z 
2026-01-12T22:59:41.9495429Z Service restarts being deferred:
2026-01-12T22:59:41.9496244Z  systemctl restart ModemManager.service
2026-01-12T22:59:41.9496778Z  systemctl restart networkd-dispatcher.service
2026-01-12T22:59:41.9497143Z 
2026-01-12T22:59:41.9497290Z No containers need to be restarted.
2026-01-12T22:59:41.9497573Z 
2026-01-12T22:59:41.9497754Z No user sessions are running outdated binaries.
2026-01-12T22:59:41.9498090Z 
2026-01-12T22:59:41.9498416Z No VM guests are running outdated hypervisor (qemu) binaries on this host.
2026-01-12T22:59:42.8102908Z Downloading Chromium 143.0.7499.4 (playwright build v1200) from https://cdn.playwright.dev/dbazure/download/playwright/builds/chromium/1200/chromium-linux.zip
2026-01-12T22:59:43.0074853Z |                                                                                |   0% of 164.7 MiB
2026-01-12T22:59:43.1949620Z |â– â– â– â– â– â– â– â–                                                                         |  10% of 164.7 MiB
2026-01-12T22:59:43.2963730Z |â– â– â– â– â– â– â– â– â– â– â– â– â– â– â– â–                                                                 |  20% of 164.7 MiB
2026-01-12T22:59:43.3971374Z |â– â– â– â– â– â– â– â– â– â– â– â– â– â– â– â– â– â– â– â– â– â– â– â–                                                         |  30% of 164.7 MiB
2026-01-12T22:59:43.4867198Z |â– â– â– â– â– â– â– â– â– â– â– â– â– â– â– â– â– â– â– â– â– â– â– â– â– â– â– â– â– â– â– â–                                                 |  40% of 164.7 MiB
2026-01-12T22:59:43.5700576Z |â– â– â– â– â– â– â– â– â– â– â– â– â– â– â– â– â– â– â– â– â– â– â– â– â– â– â– â– â– â– â– â– â– â– â– â– â– â– â– â–                                         |  50% of 164.7 MiB
2026-01-12T22:59:43.6406893Z |â– â– â– â– â– â– â– â– â– â– â– â– â– â– â– â– â– â– â– â– â– â– â– â– â– â– â– â– â– â– â– â– â– â– â– â– â– â– â– â– â– â– â– â– â– â– â– â–                                 |  60% of 164.7 MiB
2026-01-12T22:59:43.7162735Z |â– â– â– â– â– â– â– â– â– â– â– â– â– â– â– â– â– â– â– â– â– â– â– â– â– â– â– â– â– â– â– â– â– â– â– â– â– â– â– â– â– â– â– â– â– â– â– â– â– â– â– â– â– â– â– â–                         |  70% of 164.7 MiB
2026-01-12T22:59:43.8073564Z |â– â– â– â– â– â– â– â– â– â– â– â– â– â– â– â– â– â– â– â– â– â– â– â– â– â– â– â– â– â– â– â– â– â– â– â– â– â– â– â– â– â– â– â– â– â– â– â– â– â– â– â– â– â– â– â– â– â– â– â– â– â– â– â–                 |  80% of 164.7 MiB
2026-01-12T22:59:43.8919865Z |â– â– â– â– â– â– â– â– â– â– â– â– â– â– â– â– â– â– â– â– â– â– â– â– â– â– â– â– â– â– â– â– â– â– â– â– â– â– â– â– â– â– â– â– â– â– â– â– â– â– â– â– â– â– â– â– â– â– â– â– â– â– â– â– â– â– â– â– â– â– â– â–         |  90% of 164.7 MiB
2026-01-12T22:59:43.9697099Z |â– â– â– â– â– â– â– â– â– â– â– â– â– â– â– â– â– â– â– â– â– â– â– â– â– â– â– â– â– â– â– â– â– â– â– â– â– â– â– â– â– â– â– â– â– â– â– â– â– â– â– â– â– â– â– â– â– â– â– â– â– â– â– â– â– â– â– â– â– â– â– â– â– â– â– â– â– â– â– â– | 100% of 164.7 MiB
2026-01-12T22:59:47.1013184Z Chromium 143.0.7499.4 (playwright build v1200) downloaded to /home/runner/.cache/ms-playwright/chromium-1200
2026-01-12T22:59:47.1016650Z Downloading FFMPEG playwright build v1011 from https://cdn.playwright.dev/dbazure/download/playwright/builds/ffmpeg/1011/ffmpeg-linux.zip
2026-01-12T22:59:47.2833181Z |                                                                                |   0% of 2.3 MiB
2026-01-12T22:59:47.2989553Z |â– â– â– â– â– â– â– â–                                                                         |  10% of 2.3 MiB
2026-01-12T22:59:47.3047096Z |â– â– â– â– â– â– â– â– â– â– â– â– â– â– â– â–                                                                 |  20% of 2.3 MiB
2026-01-12T22:59:47.3096944Z |â– â– â– â– â– â– â– â– â– â– â– â– â– â– â– â– â– â– â– â– â– â– â– â–                                                         |  30% of 2.3 MiB
2026-01-12T22:59:47.3128544Z |â– â– â– â– â– â– â– â– â– â– â– â– â– â– â– â– â– â– â– â– â– â– â– â– â– â– â– â– â– â– â– â–                                                 |  40% of 2.3 MiB
2026-01-12T22:59:47.3154975Z |â– â– â– â– â– â– â– â– â– â– â– â– â– â– â– â– â– â– â– â– â– â– â– â– â– â– â– â– â– â– â– â– â– â– â– â– â– â– â– â–                                         |  50% of 2.3 MiB
2026-01-12T22:59:47.3307241Z |â– â– â– â– â– â– â– â– â– â– â– â– â– â– â– â– â– â– â– â– â– â– â– â– â– â– â– â– â– â– â– â– â– â– â– â– â– â– â– â– â– â– â– â– â– â– â– â–                                 |  60% of 2.3 MiB
2026-01-12T22:59:47.3466968Z |â– â– â– â– â– â– â– â– â– â– â– â– â– â– â– â– â– â– â– â– â– â– â– â– â– â– â– â– â– â– â– â– â– â– â– â– â– â– â– â– â– â– â– â– â– â– â– â– â– â– â– â– â– â– â– â–                         |  70% of 2.3 MiB
2026-01-12T22:59:47.3536088Z |â– â– â– â– â– â– â– â– â– â– â– â– â– â– â– â– â– â– â– â– â– â– â– â– â– â– â– â– â– â– â– â– â– â– â– â– â– â– â– â– â– â– â– â– â– â– â– â– â– â– â– â– â– â– â– â– â– â– â– â– â– â– â– â–                 |  80% of 2.3 MiB
2026-01-12T22:59:47.3681331Z |â– â– â– â– â– â– â– â– â– â– â– â– â– â– â– â– â– â– â– â– â– â– â– â– â– â– â– â– â– â– â– â– â– â– â– â– â– â– â– â– â– â– â– â– â– â– â– â– â– â– â– â– â– â– â– â– â– â– â– â– â– â– â– â– â– â– â– â– â– â– â– â–         |  90% of 2.3 MiB
2026-01-12T22:59:47.3777638Z |â– â– â– â– â– â– â– â– â– â– â– â– â– â– â– â– â– â– â– â– â– â– â– â– â– â– â– â– â– â– â– â– â– â– â– â– â– â– â– â– â– â– â– â– â– â– â– â– â– â– â– â– â– â– â– â– â– â– â– â– â– â– â– â– â– â– â– â– â– â– â– â– â– â– â– â– â– â– â– â– | 100% of 2.3 MiB
2026-01-12T22:59:47.4495342Z FFMPEG playwright build v1011 downloaded to /home/runner/.cache/ms-playwright/ffmpeg-1011
2026-01-12T22:59:47.4499248Z Downloading Chromium Headless Shell 143.0.7499.4 (playwright build v1200) from https://cdn.playwright.dev/dbazure/download/playwright/builds/chromium/1200/chromium-headless-shell-linux.zip
2026-01-12T22:59:47.6278255Z |                                                                                |   0% of 109.7 MiB
2026-01-12T22:59:47.7521643Z |â– â– â– â– â– â– â– â–                                                                         |  10% of 109.7 MiB
2026-01-12T22:59:47.8281509Z |â– â– â– â– â– â– â– â– â– â– â– â– â– â– â– â–                                                                 |  20% of 109.7 MiB
2026-01-12T22:59:47.8859136Z |â– â– â– â– â– â– â– â– â– â– â– â– â– â– â– â– â– â– â– â– â– â– â– â–                                                         |  30% of 109.7 MiB
2026-01-12T22:59:47.9362660Z |â– â– â– â– â– â– â– â– â– â– â– â– â– â– â– â– â– â– â– â– â– â– â– â– â– â– â– â– â– â– â– â–                                                 |  40% of 109.7 MiB
2026-01-12T22:59:47.9886030Z |â– â– â– â– â– â– â– â– â– â– â– â– â– â– â– â– â– â– â– â– â– â– â– â– â– â– â– â– â– â– â– â– â– â– â– â– â– â– â– â–                                         |  50% of 109.7 MiB
2026-01-12T22:59:48.0477414Z |â– â– â– â– â– â– â– â– â– â– â– â– â– â– â– â– â– â– â– â– â– â– â– â– â– â– â– â– â– â– â– â– â– â– â– â– â– â– â– â– â– â– â– â– â– â– â– â–                                 |  60% of 109.7 MiB
2026-01-12T22:59:48.1058765Z |â– â– â– â– â– â– â– â– â– â– â– â– â– â– â– â– â– â– â– â– â– â– â– â– â– â– â– â– â– â– â– â– â– â– â– â– â– â– â– â– â– â– â– â– â– â– â– â– â– â– â– â– â– â– â– â–                         |  70% of 109.7 MiB
2026-01-12T22:59:48.1628889Z |â– â– â– â– â– â– â– â– â– â– â– â– â– â– â– â– â– â– â– â– â– â– â– â– â– â– â– â– â– â– â– â– â– â– â– â– â– â– â– â– â– â– â– â– â– â– â– â– â– â– â– â– â– â– â– â– â– â– â– â– â– â– â– â–                 |  80% of 109.7 MiB
2026-01-12T22:59:48.2213635Z |â– â– â– â– â– â– â– â– â– â– â– â– â– â– â– â– â– â– â– â– â– â– â– â– â– â– â– â– â– â– â– â– â– â– â– â– â– â– â– â– â– â– â– â– â– â– â– â– â– â– â– â– â– â– â– â– â– â– â– â– â– â– â– â– â– â– â– â– â– â– â– â–         |  90% of 109.7 MiB
2026-01-12T22:59:48.2732266Z |â– â– â– â– â– â– â– â– â– â– â– â– â– â– â– â– â– â– â– â– â– â– â– â– â– â– â– â– â– â– â– â– â– â– â– â– â– â– â– â– â– â– â– â– â– â– â– â– â– â– â– â– â– â– â– â– â– â– â– â– â– â– â– â– â– â– â– â– â– â– â– â– â– â– â– â– â– â– â– â– | 100% of 109.7 MiB
2026-01-12T22:59:50.5428725Z Chromium Headless Shell 143.0.7499.4 (playwright build v1200) downloaded to /home/runner/.cache/ms-playwright/chromium_headless_shell-1200
2026-01-12T22:59:50.5563265Z ##[group]Run bun run build
2026-01-12T22:59:50.5563534Z [36;1mbun run build[0m
2026-01-12T22:59:50.5596202Z shell: /usr/bin/bash -e {0}
2026-01-12T22:59:50.5596454Z ##[endgroup]
2026-01-12T22:59:50.5681505Z $ bun run build:frontend && bun run build:backend
2026-01-12T22:59:50.5727044Z $ cd apps/frontend && bun run build
2026-01-12T22:59:50.5772192Z $ vite build
2026-01-12T22:59:50.7856186Z [36mvite v5.4.21 [32mbuilding for production...[36m[39m
2026-01-12T22:59:50.8329216Z transforming...
2026-01-12T22:59:52.4204273Z [32mâœ“[39m 44 modules transformed.
2026-01-12T22:59:52.8488260Z rendering chunks...
2026-01-12T22:59:52.8563255Z computing gzip size...
2026-01-12T22:59:52.8740467Z [2m../backend/public/[22m[35mwidget.css  [39m[1m[2m  7.65 kB[22m[1m[22m[2m â”‚ gzip:   1.87 kB[22m
2026-01-12T22:59:52.8741676Z [2m../backend/public/[22m[36mwidget.js   [39m[1m[2m476.57 kB[22m[1m[22m[2m â”‚ gzip: 147.51 kB[22m
2026-01-12T22:59:52.8743992Z [32mâœ“ built in 2.06s[39m
2026-01-12T22:59:52.9055619Z $ bun build apps/backend/src/index.ts --outdir apps/backend/dist --target bun
2026-01-12T22:59:52.9449025Z 
2026-01-12T22:59:52.9449457Z   ./index.js  923.39 KB
2026-01-12T22:59:52.9449869Z 
2026-01-12T22:59:52.9450186Z [35ms] bundle 230 modules
2026-01-12T22:59:52.9566531Z ##[group]Run bun run start:backend &
2026-01-12T22:59:52.9566994Z [36;1mbun run start:backend &[0m
2026-01-12T22:59:52.9609511Z shell: /usr/bin/bash -e {0}
2026-01-12T22:59:52.9610021Z env:
2026-01-12T22:59:52.9610297Z   OPENAI_API_KEY: sk-test-key
2026-01-12T22:59:52.9610725Z   UPSTASH_REDIS_URL: https://test.upstash.io
2026-01-12T22:59:52.9611183Z   UPSTASH_REDIS_TOKEN: test-token
2026-01-12T22:59:52.9611568Z   MAX_MONTHLY_CONVERSATIONS: 500
2026-01-12T22:59:52.9611944Z   ADMIN_SECRET: test-secret
2026-01-12T22:59:52.9612422Z   ALLOWED_ORIGINS: http://localhost:3000,http://localhost:5173
2026-01-12T22:59:52.9612954Z ##[endgroup]
2026-01-12T22:59:52.9709447Z $ bun run apps/backend/dist/index.js
2026-01-12T22:59:53.0139235Z Server starting on port 3000...
2026-01-12T22:59:57.9713910Z ##[group]Run sleep 5
2026-01-12T22:59:57.9714131Z [36;1msleep 5[0m
2026-01-12T22:59:57.9745319Z shell: /usr/bin/bash -e {0}
2026-01-12T22:59:57.9745551Z ##[endgroup]
2026-01-12T23:00:02.9841105Z ##[group]Run bun run test:e2e
2026-01-12T23:00:02.9841372Z [36;1mbun run test:e2e[0m
2026-01-12T23:00:02.9873255Z shell: /usr/bin/bash -e {0}
2026-01-12T23:00:02.9873502Z ##[endgroup]
2026-01-12T23:00:02.9958098Z $ cd apps/frontend && bun run test:e2e
2026-01-12T23:00:03.0004650Z $ playwright test
2026-01-12T23:00:04.0084056Z 
2026-01-12T23:00:04.0084548Z Running 15 tests using 1 worker
2026-01-12T23:19:54.1848155Z Ã—Ã—FÃ—Ã—TÃ—Ã—TÃ—Ã—TÃ—Ã—TÃ—Ã—TÃ—Ã—TÃ—Ã—TÃ—Ã—TÃ—Ã—TÃ—Ã—TÃ—Ã—TÃ—Ã—TÃ—Ã—FÃ—Ã—F
2026-01-12T23:19:54.1859035Z 
2026-01-12T23:19:54.1871195Z   1) [chromium] â€º e2e/chat.spec.ts:10:3 â€º Chatbot Widget â€º shows chat bubble when chatbot is available 
2026-01-12T23:19:54.1871895Z 
2026-01-12T23:19:54.1872450Z     Error: [2mexpect([22m[31mlocator[39m[2m).[22mtoBeVisible[2m([22m[2m)[22m failed
2026-01-12T23:19:54.1872999Z 
2026-01-12T23:19:54.1873185Z     Locator: locator('[data-testid="chat-bubble"]')
2026-01-12T23:19:54.1873655Z     Expected: visible
2026-01-12T23:19:54.1873975Z     Timeout: 10000ms
2026-01-12T23:19:54.1874417Z     Error: element(s) not found
2026-01-12T23:19:54.1874675Z 
2026-01-12T23:19:54.1874779Z     Call log:
2026-01-12T23:19:54.1875287Z     [2m  - Expect "toBeVisible" with timeout 10000ms[22m
2026-01-12T23:19:54.1875774Z     [2m  - waiting for locator('[data-testid="chat-bubble"]')[22m
2026-01-12T23:19:54.1876028Z 
2026-01-12T23:19:54.1876031Z 
2026-01-12T23:19:54.1876225Z       10 |   test('shows chat bubble when chatbot is available', async ({ page }) => {
2026-01-12T23:19:54.1876719Z       11 |     const bubble = page.locator('[data-testid="chat-bubble"]');
2026-01-12T23:19:54.1877386Z     > 12 |     await expect(bubble).toBeVisible({ timeout: 10000 });
2026-01-12T23:19:54.1877901Z          |                          ^
2026-01-12T23:19:54.1878262Z       13 |   });
2026-01-12T23:19:54.1878545Z       14 |
2026-01-12T23:19:54.1879009Z       15 |   test('opens chat window when bubble is clicked', async ({ page }) => {
2026-01-12T23:19:54.1880319Z         at /home/runner/work/Portfolio-Chatbot/Portfolio-Chatbot/apps/frontend/e2e/chat.spec.ts:12:26
2026-01-12T23:19:54.1881061Z 
2026-01-12T23:19:54.1881847Z     Error Context: test-results/chat-Chatbot-Widget-shows--ca01f-e-when-chatbot-is-available-chromium/error-context.md
2026-01-12T23:19:54.1883168Z 
2026-01-12T23:19:54.1883791Z     Retry #1 â”€â”€â”€â”€â”€â”€â”€â”€â”€â”€â”€â”€â”€â”€â”€â”€â”€â”€â”€â”€â”€â”€â”€â”€â”€â”€â”€â”€â”€â”€â”€â”€â”€â”€â”€â”€â”€â”€â”€â”€â”€â”€â”€â”€â”€â”€â”€â”€â”€â”€â”€â”€â”€â”€â”€â”€â”€â”€â”€â”€â”€â”€â”€â”€â”€â”€â”€â”€â”€â”€â”€â”€â”€â”€â”€â”€â”€â”€â”€â”€â”€â”€â”€â”€â”€â”€â”€
2026-01-12T23:19:54.1884329Z 
2026-01-12T23:19:54.1884867Z     Error: [2mexpect([22m[31mlocator[39m[2m).[22mtoBeVisible[2m([22m[2m)[22m failed
2026-01-12T23:19:54.1885369Z 
2026-01-12T23:19:54.1885504Z     Locator: locator('[data-testid="chat-bubble"]')
2026-01-12T23:19:54.1885788Z     Expected: visible
2026-01-12T23:19:54.1885982Z     Timeout: 10000ms
2026-01-12T23:19:54.1886174Z     Error: element(s) not found
2026-01-12T23:19:54.1886326Z 
2026-01-12T23:19:54.1886391Z     Call log:
2026-01-12T23:19:54.1886781Z     [2m  - Expect "toBeVisible" with timeout 10000ms[22m
2026-01-12T23:19:54.1887504Z     [2m  - waiting for locator('[data-testid="chat-bubble"]')[22m
2026-01-12T23:19:54.1887841Z 
2026-01-12T23:19:54.1887846Z 
2026-01-12T23:19:54.1888192Z       10 |   test('shows chat bubble when chatbot is available', async ({ page }) => {
2026-01-12T23:19:54.1888995Z       11 |     const bubble = page.locator('[data-testid="chat-bubble"]');
2026-01-12T23:19:54.1889834Z     > 12 |     await expect(bubble).toBeVisible({ timeout: 10000 });
2026-01-12T23:19:54.1890319Z          |                          ^
2026-01-12T23:19:54.1890539Z       13 |   });
2026-01-12T23:19:54.1890695Z       14 |
2026-01-12T23:19:54.1890980Z       15 |   test('opens chat window when bubble is clicked', async ({ page }) => {
2026-01-12T23:19:54.1891551Z         at /home/runner/work/Portfolio-Chatbot/Portfolio-Chatbot/apps/frontend/e2e/chat.spec.ts:12:26
2026-01-12T23:19:54.1891919Z 
2026-01-12T23:19:54.1892800Z     Error Context: test-results/chat-Chatbot-Widget-shows--ca01f-e-when-chatbot-is-available-chromium-retry1/error-context.md
2026-01-12T23:19:54.1893748Z 
2026-01-12T23:19:54.1894158Z     attachment #2: trace (application/zip) â”€â”€â”€â”€â”€â”€â”€â”€â”€â”€â”€â”€â”€â”€â”€â”€â”€â”€â”€â”€â”€â”€â”€â”€â”€â”€â”€â”€â”€â”€â”€â”€â”€â”€â”€â”€â”€â”€â”€â”€â”€â”€â”€â”€â”€â”€â”€â”€â”€â”€â”€â”€â”€â”€â”€â”€â”€
2026-01-12T23:19:54.1894854Z     test-results/chat-Chatbot-Widget-shows--ca01f-e-when-chatbot-is-available-chromium-retry1/trace.zip
2026-01-12T23:19:54.1895543Z     Usage:
2026-01-12T23:19:54.1895708Z 
2026-01-12T23:19:54.1896466Z         npx playwright show-trace test-results/chat-Chatbot-Widget-shows--ca01f-e-when-chatbot-is-available-chromium-retry1/trace.zip
2026-01-12T23:19:54.1897391Z 
2026-01-12T23:19:54.1897891Z     â”€â”€â”€â”€â”€â”€â”€â”€â”€â”€â”€â”€â”€â”€â”€â”€â”€â”€â”€â”€â”€â”€â”€â”€â”€â”€â”€â”€â”€â”€â”€â”€â”€â”€â”€â”€â”€â”€â”€â”€â”€â”€â”€â”€â”€â”€â”€â”€â”€â”€â”€â”€â”€â”€â”€â”€â”€â”€â”€â”€â”€â”€â”€â”€â”€â”€â”€â”€â”€â”€â”€â”€â”€â”€â”€â”€â”€â”€â”€â”€â”€â”€â”€â”€â”€â”€â”€â”€â”€â”€â”€â”€â”€â”€â”€â”€
2026-01-12T23:19:54.1898344Z 
2026-01-12T23:19:54.1898756Z     Retry #2 â”€â”€â”€â”€â”€â”€â”€â”€â”€â”€â”€â”€â”€â”€â”€â”€â”€â”€â”€â”€â”€â”€â”€â”€â”€â”€â”€â”€â”€â”€â”€â”€â”€â”€â”€â”€â”€â”€â”€â”€â”€â”€â”€â”€â”€â”€â”€â”€â”€â”€â”€â”€â”€â”€â”€â”€â”€â”€â”€â”€â”€â”€â”€â”€â”€â”€â”€â”€â”€â”€â”€â”€â”€â”€â”€â”€â”€â”€â”€â”€â”€â”€â”€â”€â”€â”€â”€
2026-01-12T23:19:54.1899020Z 
2026-01-12T23:19:54.1899308Z     Error: [2mexpect([22m[31mlocator[39m[2m).[22mtoBeVisible[2m([22m[2m)[22m failed
2026-01-12T23:19:54.1899649Z 
2026-01-12T23:19:54.1900033Z     Locator: locator('[data-testid="chat-bubble"]')
2026-01-12T23:19:54.1900332Z     Expected: visible
2026-01-12T23:19:54.1900736Z     Timeout: 10000ms
2026-01-12T23:19:54.1901070Z     Error: element(s) not found
2026-01-12T23:19:54.1901320Z 
2026-01-12T23:19:54.1901426Z     Call log:
2026-01-12T23:19:54.1901899Z     [2m  - Expect "toBeVisible" with timeout 10000ms[22m
2026-01-12T23:19:54.1902572Z     [2m  - waiting for locator('[data-testid="chat-bubble"]')[22m
2026-01-12T23:19:54.1902978Z 
2026-01-12T23:19:54.1902982Z 
2026-01-12T23:19:54.1903299Z       10 |   test('shows chat bubble when chatbot is available', async ({ page }) => {
2026-01-12T23:19:54.1904045Z       11 |     const bubble = page.locator('[data-testid="chat-bubble"]');
2026-01-12T23:19:54.1904705Z     > 12 |     await expect(bubble).toBeVisible({ timeout: 10000 });
2026-01-12T23:19:54.1905205Z          |                          ^
2026-01-12T23:19:54.1905548Z       13 |   });
2026-01-12T23:19:54.1905823Z       14 |
2026-01-12T23:19:54.1906265Z       15 |   test('opens chat window when bubble is clicked', async ({ page }) => {
2026-01-12T23:19:54.1907196Z         at /home/runner/work/Portfolio-Chatbot/Portfolio-Chatbot/apps/frontend/e2e/chat.spec.ts:12:26
2026-01-12T23:19:54.1907832Z 
2026-01-12T23:19:54.1908558Z     Error Context: test-results/chat-Chatbot-Widget-shows--ca01f-e-when-chatbot-is-available-chromium-retry2/error-context.md
2026-01-12T23:19:54.1909450Z 
2026-01-12T23:19:54.1910325Z   2) [chromium] â€º e2e/chat.spec.ts:15:3 â€º Chatbot Widget â€º opens chat window when bubble is clicked 
2026-01-12T23:19:54.1910912Z 
2026-01-12T23:19:54.1911151Z     [31mTest timeout of 30000ms exceeded.[39m
2026-01-12T23:19:54.1911459Z 
2026-01-12T23:19:54.1911680Z     Error: locator.click: Test timeout of 30000ms exceeded.
2026-01-12T23:19:54.1912146Z     Call log:
2026-01-12T23:19:54.1912654Z     [2m  - waiting for locator('[data-testid="chat-bubble"]')[22m
2026-01-12T23:19:54.1913050Z 
2026-01-12T23:19:54.1913067Z 
2026-01-12T23:19:54.1913370Z       15 |   test('opens chat window when bubble is clicked', async ({ page }) => {
2026-01-12T23:19:54.1914095Z       16 |     const bubble = page.locator('[data-testid="chat-bubble"]');
2026-01-12T23:19:54.1914655Z     > 17 |     await bubble.click();
2026-01-12T23:19:54.1915034Z          |                  ^
2026-01-12T23:19:54.1915353Z       18 |
2026-01-12T23:19:54.1915744Z       19 |     const window = page.locator('[data-testid="chat-window"]');
2026-01-12T23:19:54.1916323Z       20 |     await expect(window).toBeVisible();
2026-01-12T23:19:54.1917094Z         at /home/runner/work/Portfolio-Chatbot/Portfolio-Chatbot/apps/frontend/e2e/chat.spec.ts:17:18
2026-01-12T23:19:54.1917740Z 
2026-01-12T23:19:54.1918409Z     Error Context: test-results/chat-Chatbot-Widget-opens-chat-window-when-bubble-is-clicked-chromium/error-context.md
2026-01-12T23:19:54.1919246Z 
2026-01-12T23:19:54.1920250Z     Retry #1 â”€â”€â”€â”€â”€â”€â”€â”€â”€â”€â”€â”€â”€â”€â”€â”€â”€â”€â”€â”€â”€â”€â”€â”€â”€â”€â”€â”€â”€â”€â”€â”€â”€â”€â”€â”€â”€â”€â”€â”€â”€â”€â”€â”€â”€â”€â”€â”€â”€â”€â”€â”€â”€â”€â”€â”€â”€â”€â”€â”€â”€â”€â”€â”€â”€â”€â”€â”€â”€â”€â”€â”€â”€â”€â”€â”€â”€â”€â”€â”€â”€â”€â”€â”€â”€â”€â”€
2026-01-12T23:19:54.1920767Z 
2026-01-12T23:19:54.1921072Z     [31mTest timeout of 30000ms exceeded.[39m
2026-01-12T23:19:54.1921424Z 
2026-01-12T23:19:54.1921680Z     Error: locator.click: Test timeout of 30000ms exceeded.
2026-01-12T23:19:54.1922178Z     Call log:
2026-01-12T23:19:54.1922697Z     [2m  - waiting for locator('[data-testid="chat-bubble"]')[22m
2026-01-12T23:19:54.1923099Z 
2026-01-12T23:19:54.1923104Z 
2026-01-12T23:19:54.1923417Z       15 |   test('opens chat window when bubble is clicked', async ({ page }) => {
2026-01-12T23:19:54.1924144Z       16 |     const bubble = page.locator('[data-testid="chat-bubble"]');
2026-01-12T23:19:54.1924697Z     > 17 |     await bubble.click();
2026-01-12T23:19:54.1925062Z          |                  ^
2026-01-12T23:19:54.1925380Z       18 |
2026-01-12T23:19:54.1925778Z       19 |     const window = page.locator('[data-testid="chat-window"]');
2026-01-12T23:19:54.1926350Z       20 |     await expect(window).toBeVisible();
2026-01-12T23:19:54.1926826Z         at /home/runner/work/Portfolio-Chatbot/Portfolio-Chatbot/apps/frontend/e2e/chat.spec.ts:17:18
2026-01-12T23:19:54.1927200Z 
2026-01-12T23:19:54.1928082Z     Error Context: test-results/chat-Chatbot-Widget-opens-chat-window-when-bubble-is-clicked-chromium-retry1/error-context.md
2026-01-12T23:19:54.1928617Z 
2026-01-12T23:19:54.1928976Z     attachment #2: trace (application/zip) â”€â”€â”€â”€â”€â”€â”€â”€â”€â”€â”€â”€â”€â”€â”€â”€â”€â”€â”€â”€â”€â”€â”€â”€â”€â”€â”€â”€â”€â”€â”€â”€â”€â”€â”€â”€â”€â”€â”€â”€â”€â”€â”€â”€â”€â”€â”€â”€â”€â”€â”€â”€â”€â”€â”€â”€â”€
2026-01-12T23:19:54.1929639Z     test-results/chat-Chatbot-Widget-opens-chat-window-when-bubble-is-clicked-chromium-retry1/trace.zip
2026-01-12T23:19:54.1930471Z     Usage:
2026-01-12T23:19:54.1930564Z 
2026-01-12T23:19:54.1931021Z         npx playwright show-trace test-results/chat-Chatbot-Widget-opens-chat-window-when-bubble-is-clicked-chromium-retry1/trace.zip
2026-01-12T23:19:54.1931568Z 
2026-01-12T23:19:54.1931849Z     â”€â”€â”€â”€â”€â”€â”€â”€â”€â”€â”€â”€â”€â”€â”€â”€â”€â”€â”€â”€â”€â”€â”€â”€â”€â”€â”€â”€â”€â”€â”€â”€â”€â”€â”€â”€â”€â”€â”€â”€â”€â”€â”€â”€â”€â”€â”€â”€â”€â”€â”€â”€â”€â”€â”€â”€â”€â”€â”€â”€â”€â”€â”€â”€â”€â”€â”€â”€â”€â”€â”€â”€â”€â”€â”€â”€â”€â”€â”€â”€â”€â”€â”€â”€â”€â”€â”€â”€â”€â”€â”€â”€â”€â”€â”€â”€
2026-01-12T23:19:54.1932117Z 
2026-01-12T23:19:54.1932404Z     Retry #2 â”€â”€â”€â”€â”€â”€â”€â”€â”€â”€â”€â”€â”€â”€â”€â”€â”€â”€â”€â”€â”€â”€â”€â”€â”€â”€â”€â”€â”€â”€â”€â”€â”€â”€â”€â”€â”€â”€â”€â”€â”€â”€â”€â”€â”€â”€â”€â”€â”€â”€â”€â”€â”€â”€â”€â”€â”€â”€â”€â”€â”€â”€â”€â”€â”€â”€â”€â”€â”€â”€â”€â”€â”€â”€â”€â”€â”€â”€â”€â”€â”€â”€â”€â”€â”€â”€â”€
2026-01-12T23:19:54.1932665Z 
2026-01-12T23:19:54.1932825Z     [31mTest timeout of 30000ms exceeded.[39m
2026-01-12T23:19:54.1933004Z 
2026-01-12T23:19:54.1933133Z     Error: locator.click: Test timeout of 30000ms exceeded.
2026-01-12T23:19:54.1933411Z     Call log:
2026-01-12T23:19:54.1933695Z     [2m  - waiting for locator('[data-testid="chat-bubble"]')[22m
2026-01-12T23:19:54.1933931Z 
2026-01-12T23:19:54.1933934Z 
2026-01-12T23:19:54.1934115Z       15 |   test('opens chat window when bubble is clicked', async ({ page }) => {
2026-01-12T23:19:54.1934545Z       16 |     const bubble = page.locator('[data-testid="chat-bubble"]');
2026-01-12T23:19:54.1934863Z     > 17 |     await bubble.click();
2026-01-12T23:19:54.1935088Z          |                  ^
2026-01-12T23:19:54.1935271Z       18 |
2026-01-12T23:19:54.1935648Z       19 |     const window = page.locator('[data-testid="chat-window"]');
2026-01-12T23:19:54.1936001Z       20 |     await expect(window).toBeVisible();
2026-01-12T23:19:54.1936448Z         at /home/runner/work/Portfolio-Chatbot/Portfolio-Chatbot/apps/frontend/e2e/chat.spec.ts:17:18
2026-01-12T23:19:54.1936820Z 
2026-01-12T23:19:54.1937242Z     Error Context: test-results/chat-Chatbot-Widget-opens-chat-window-when-bubble-is-clicked-chromium-retry2/error-context.md
2026-01-12T23:19:54.1937753Z 
2026-01-12T23:19:54.1938077Z   3) [chromium] â€º e2e/chat.spec.ts:23:3 â€º Chatbot Widget â€º can send a message and receive a response 
2026-01-12T23:19:54.1938410Z 
2026-01-12T23:19:54.1938544Z     [31mTest timeout of 30000ms exceeded.[39m
2026-01-12T23:19:54.1938720Z 
2026-01-12T23:19:54.1938851Z     Error: locator.click: Test timeout of 30000ms exceeded.
2026-01-12T23:19:54.1939123Z     Call log:
2026-01-12T23:19:54.1939404Z     [2m  - waiting for locator('[data-testid="chat-bubble"]')[22m
2026-01-12T23:19:54.1939631Z 
2026-01-12T23:19:54.1939634Z 
2026-01-12T23:19:54.1940078Z       23 |   test('can send a message and receive a response', async ({ page }) => {
2026-01-12T23:19:54.1940512Z       24 |     const bubble = page.locator('[data-testid="chat-bubble"]');
2026-01-12T23:19:54.1940863Z     > 25 |     await bubble.click();
2026-01-12T23:19:54.1941083Z          |                  ^
2026-01-12T23:19:54.1941274Z       26 |
2026-01-12T23:19:54.1941508Z       27 |     const input = page.locator('[data-testid="chat-input"]');
2026-01-12T23:19:54.1941868Z       28 |     await input.fill('What is your experience?');
2026-01-12T23:19:54.1942334Z         at /home/runner/work/Portfolio-Chatbot/Portfolio-Chatbot/apps/frontend/e2e/chat.spec.ts:25:18
2026-01-12T23:19:54.1942704Z 
2026-01-12T23:19:54.1943085Z     Error Context: test-results/chat-Chatbot-Widget-can-se-33aa7-sage-and-receive-a-response-chromium/error-context.md
2026-01-12T23:19:54.1943562Z 
2026-01-12T23:19:54.1943852Z     Retry #1 â”€â”€â”€â”€â”€â”€â”€â”€â”€â”€â”€â”€â”€â”€â”€â”€â”€â”€â”€â”€â”€â”€â”€â”€â”€â”€â”€â”€â”€â”€â”€â”€â”€â”€â”€â”€â”€â”€â”€â”€â”€â”€â”€â”€â”€â”€â”€â”€â”€â”€â”€â”€â”€â”€â”€â”€â”€â”€â”€â”€â”€â”€â”€â”€â”€â”€â”€â”€â”€â”€â”€â”€â”€â”€â”€â”€â”€â”€â”€â”€â”€â”€â”€â”€â”€â”€â”€
2026-01-12T23:19:54.1944127Z 
2026-01-12T23:19:54.1944262Z     [31mTest timeout of 30000ms exceeded.[39m
2026-01-12T23:19:54.1944444Z 
2026-01-12T23:19:54.1944708Z     Error: locator.click: Test timeout of 30000ms exceeded.
2026-01-12T23:19:54.1944984Z     Call log:
2026-01-12T23:19:54.1945270Z     [2m  - waiting for locator('[data-testid="chat-bubble"]')[22m
2026-01-12T23:19:54.1945500Z 
2026-01-12T23:19:54.1945504Z 
2026-01-12T23:19:54.1945684Z       23 |   test('can send a message and receive a response', async ({ page }) => {
2026-01-12T23:19:54.1946104Z       24 |     const bubble = page.locator('[data-testid="chat-bubble"]');
2026-01-12T23:19:54.1946424Z     > 25 |     await bubble.click();
2026-01-12T23:19:54.1946714Z          |                  ^
2026-01-12T23:19:54.1946909Z       26 |
2026-01-12T23:19:54.1947134Z       27 |     const input = page.locator('[data-testid="chat-input"]');
2026-01-12T23:19:54.1947483Z       28 |     await input.fill('What is your experience?');
2026-01-12T23:19:54.1947954Z         at /home/runner/work/Portfolio-Chatbot/Portfolio-Chatbot/apps/frontend/e2e/chat.spec.ts:25:18
2026-01-12T23:19:54.1948325Z 
2026-01-12T23:19:54.1948745Z     Error Context: test-results/chat-Chatbot-Widget-can-se-33aa7-sage-and-receive-a-response-chromium-retry1/error-context.md
2026-01-12T23:19:54.1949252Z 
2026-01-12T23:19:54.1949580Z     attachment #2: trace (application/zip) â”€â”€â”€â”€â”€â”€â”€â”€â”€â”€â”€â”€â”€â”€â”€â”€â”€â”€â”€â”€â”€â”€â”€â”€â”€â”€â”€â”€â”€â”€â”€â”€â”€â”€â”€â”€â”€â”€â”€â”€â”€â”€â”€â”€â”€â”€â”€â”€â”€â”€â”€â”€â”€â”€â”€â”€â”€
2026-01-12T23:19:54.1950476Z     test-results/chat-Chatbot-Widget-can-se-33aa7-sage-and-receive-a-response-chromium-retry1/trace.zip
2026-01-12T23:19:54.1950969Z     Usage:
2026-01-12T23:19:54.1951057Z 
2026-01-12T23:19:54.1951480Z         npx playwright show-trace test-results/chat-Chatbot-Widget-can-se-33aa7-sage-and-receive-a-response-chromium-retry1/trace.zip
2026-01-12T23:19:54.1952022Z 
2026-01-12T23:19:54.1952295Z     â”€â”€â”€â”€â”€â”€â”€â”€â”€â”€â”€â”€â”€â”€â”€â”€â”€â”€â”€â”€â”€â”€â”€â”€â”€â”€â”€â”€â”€â”€â”€â”€â”€â”€â”€â”€â”€â”€â”€â”€â”€â”€â”€â”€â”€â”€â”€â”€â”€â”€â”€â”€â”€â”€â”€â”€â”€â”€â”€â”€â”€â”€â”€â”€â”€â”€â”€â”€â”€â”€â”€â”€â”€â”€â”€â”€â”€â”€â”€â”€â”€â”€â”€â”€â”€â”€â”€â”€â”€â”€â”€â”€â”€â”€â”€â”€
2026-01-12T23:19:54.1952547Z 
2026-01-12T23:19:54.1952959Z     Retry #2 â”€â”€â”€â”€â”€â”€â”€â”€â”€â”€â”€â”€â”€â”€â”€â”€â”€â”€â”€â”€â”€â”€â”€â”€â”€â”€â”€â”€â”€â”€â”€â”€â”€â”€â”€â”€â”€â”€â”€â”€â”€â”€â”€â”€â”€â”€â”€â”€â”€â”€â”€â”€â”€â”€â”€â”€â”€â”€â”€â”€â”€â”€â”€â”€â”€â”€â”€â”€â”€â”€â”€â”€â”€â”€â”€â”€â”€â”€â”€â”€â”€â”€â”€â”€â”€â”€â”€
2026-01-12T23:19:54.1953229Z 
2026-01-12T23:19:54.1953379Z     [31mTest timeout of 30000ms exceeded.[39m
2026-01-12T23:19:54.1953562Z 
2026-01-12T23:19:54.1953688Z     Error: locator.click: Test timeout of 30000ms exceeded.
2026-01-12T23:19:54.1953960Z     Call log:
2026-01-12T23:19:54.1954243Z     [2m  - waiting for locator('[data-testid="chat-bubble"]')[22m
2026-01-12T23:19:54.1954475Z 
2026-01-12T23:19:54.1954478Z 
2026-01-12T23:19:54.1954661Z       23 |   test('can send a message and receive a response', async ({ page }) => {
2026-01-12T23:19:54.1955079Z       24 |     const bubble = page.locator('[data-testid="chat-bubble"]');
2026-01-12T23:19:54.1955398Z     > 25 |     await bubble.click();
2026-01-12T23:19:54.1955610Z          |                  ^
2026-01-12T23:19:54.1955796Z       26 |
2026-01-12T23:19:54.1956017Z       27 |     const input = page.locator('[data-testid="chat-input"]');
2026-01-12T23:19:54.1956376Z       28 |     await input.fill('What is your experience?');
2026-01-12T23:19:54.1956834Z         at /home/runner/work/Portfolio-Chatbot/Portfolio-Chatbot/apps/frontend/e2e/chat.spec.ts:25:18
2026-01-12T23:19:54.1957313Z 
2026-01-12T23:19:54.1957723Z     Error Context: test-results/chat-Chatbot-Widget-can-se-33aa7-sage-and-receive-a-response-chromium-retry2/error-context.md
2026-01-12T23:19:54.1958229Z 
2026-01-12T23:19:54.1958581Z   4) [chromium] â€º e2e/chat.spec.ts:43:3 â€º Chatbot Widget â€º shows loading state during message transmission 
2026-01-12T23:19:54.1958941Z 
2026-01-12T23:19:54.1959074Z     [31mTest timeout of 30000ms exceeded.[39m
2026-01-12T23:19:54.1959257Z 
2026-01-12T23:19:54.1959381Z     Error: locator.click: Test timeout of 30000ms exceeded.
2026-01-12T23:19:54.1959654Z     Call log:
2026-01-12T23:19:54.1960057Z     [2m  - waiting for locator('[data-testid="chat-bubble"]')[22m
2026-01-12T23:19:54.1960286Z 
2026-01-12T23:19:54.1960289Z 
2026-01-12T23:19:54.1960501Z       43 |   test('shows loading state during message transmission', async ({ page }) => {
2026-01-12T23:19:54.1960950Z       44 |     const bubble = page.locator('[data-testid="chat-bubble"]');
2026-01-12T23:19:54.1961278Z     > 45 |     await bubble.click();
2026-01-12T23:19:54.1961488Z          |                  ^
2026-01-12T23:19:54.1961675Z       46 |
2026-01-12T23:19:54.1961903Z       47 |     const input = page.locator('[data-testid="chat-input"]');
2026-01-12T23:19:54.1962297Z       48 |     const sendButton = page.locator('[data-testid="send-button"]');
2026-01-12T23:19:54.1962823Z         at /home/runner/work/Portfolio-Chatbot/Portfolio-Chatbot/apps/frontend/e2e/chat.spec.ts:45:18
2026-01-12T23:19:54.1963186Z 
2026-01-12T23:19:54.1963564Z     Error Context: test-results/chat-Chatbot-Widget-shows--d2236-during-message-transmission-chromium/error-context.md
2026-01-12T23:19:54.1964186Z 
2026-01-12T23:19:54.1964703Z     Retry #1 â”€â”€â”€â”€â”€â”€â”€â”€â”€â”€â”€â”€â”€â”€â”€â”€â”€â”€â”€â”€â”€â”€â”€â”€â”€â”€â”€â”€â”€â”€â”€â”€â”€â”€â”€â”€â”€â”€â”€â”€â”€â”€â”€â”€â”€â”€â”€â”€â”€â”€â”€â”€â”€â”€â”€â”€â”€â”€â”€â”€â”€â”€â”€â”€â”€â”€â”€â”€â”€â”€â”€â”€â”€â”€â”€â”€â”€â”€â”€â”€â”€â”€â”€â”€â”€â”€â”€
2026-01-12T23:19:54.1964988Z 
2026-01-12T23:19:54.1965134Z     [31mTest timeout of 30000ms exceeded.[39m
2026-01-12T23:19:54.1965313Z 
2026-01-12T23:19:54.1965450Z     Error: locator.click: Test timeout of 30000ms exceeded.
2026-01-12T23:19:54.1965728Z     Call log:
2026-01-12T23:19:54.1966007Z     [2m  - waiting for locator('[data-testid="chat-bubble"]')[22m
2026-01-12T23:19:54.1966243Z 
2026-01-12T23:19:54.1966247Z 
2026-01-12T23:19:54.1966447Z       43 |   test('shows loading state during message transmission', async ({ page }) => {
2026-01-12T23:19:54.1966893Z       44 |     const bubble = page.locator('[data-testid="chat-bubble"]');
2026-01-12T23:19:54.1967207Z     > 45 |     await bubble.click();
2026-01-12T23:19:54.1967423Z          |                  ^
2026-01-12T23:19:54.1967604Z       46 |
2026-01-12T23:19:54.1967834Z       47 |     const input = page.locator('[data-testid="chat-input"]');
2026-01-12T23:19:54.1968232Z       48 |     const sendButton = page.locator('[data-testid="send-button"]');
2026-01-12T23:19:54.1968758Z         at /home/runner/work/Portfolio-Chatbot/Portfolio-Chatbot/apps/frontend/e2e/chat.spec.ts:45:18
2026-01-12T23:19:54.1969297Z 
2026-01-12T23:19:54.1969907Z     Error Context: test-results/chat-Chatbot-Widget-shows--d2236-during-message-transmission-chromium-retry1/error-context.md
2026-01-12T23:19:54.1970525Z 
2026-01-12T23:19:54.1970869Z     attachment #2: trace (application/zip) â”€â”€â”€â”€â”€â”€â”€â”€â”€â”€â”€â”€â”€â”€â”€â”€â”€â”€â”€â”€â”€â”€â”€â”€â”€â”€â”€â”€â”€â”€â”€â”€â”€â”€â”€â”€â”€â”€â”€â”€â”€â”€â”€â”€â”€â”€â”€â”€â”€â”€â”€â”€â”€â”€â”€â”€â”€
2026-01-12T23:19:54.1971534Z     test-results/chat-Chatbot-Widget-shows--d2236-during-message-transmission-chromium-retry1/trace.zip
2026-01-12T23:19:54.1972021Z     Usage:
2026-01-12T23:19:54.1972114Z 
2026-01-12T23:19:54.1972692Z         npx playwright show-trace test-results/chat-Chatbot-Widget-shows--d2236-during-message-transmission-chromium-retry1/trace.zip
2026-01-12T23:19:54.1973639Z 
2026-01-12T23:19:54.1974089Z     â”€â”€â”€â”€â”€â”€â”€â”€â”€â”€â”€â”€â”€â”€â”€â”€â”€â”€â”€â”€â”€â”€â”€â”€â”€â”€â”€â”€â”€â”€â”€â”€â”€â”€â”€â”€â”€â”€â”€â”€â”€â”€â”€â”€â”€â”€â”€â”€â”€â”€â”€â”€â”€â”€â”€â”€â”€â”€â”€â”€â”€â”€â”€â”€â”€â”€â”€â”€â”€â”€â”€â”€â”€â”€â”€â”€â”€â”€â”€â”€â”€â”€â”€â”€â”€â”€â”€â”€â”€â”€â”€â”€â”€â”€â”€â”€
2026-01-12T23:19:54.1974473Z 
2026-01-12T23:19:54.1974793Z     Retry #2 â”€â”€â”€â”€â”€â”€â”€â”€â”€â”€â”€â”€â”€â”€â”€â”€â”€â”€â”€â”€â”€â”€â”€â”€â”€â”€â”€â”€â”€â”€â”€â”€â”€â”€â”€â”€â”€â”€â”€â”€â”€â”€â”€â”€â”€â”€â”€â”€â”€â”€â”€â”€â”€â”€â”€â”€â”€â”€â”€â”€â”€â”€â”€â”€â”€â”€â”€â”€â”€â”€â”€â”€â”€â”€â”€â”€â”€â”€â”€â”€â”€â”€â”€â”€â”€â”€â”€
2026-01-12T23:19:54.1975245Z 
2026-01-12T23:19:54.1975390Z     [31mTest timeout of 30000ms exceeded.[39m
2026-01-12T23:19:54.1975574Z 
2026-01-12T23:19:54.1975710Z     Error: locator.click: Test timeout of 30000ms exceeded.
2026-01-12T23:19:54.1976029Z     Call log:
2026-01-12T23:19:54.1976329Z     [2m  - waiting for locator('[data-testid="chat-bubble"]')[22m
2026-01-12T23:19:54.1976563Z 
2026-01-12T23:19:54.1976566Z 
2026-01-12T23:19:54.1976771Z       43 |   test('shows loading state during message transmission', async ({ page }) => {
2026-01-12T23:19:54.1977516Z       44 |     const bubble = page.locator('[data-testid="chat-bubble"]');
2026-01-12T23:19:54.1977928Z     > 45 |     await bubble.click();
2026-01-12T23:19:54.1978155Z          |                  ^
2026-01-12T23:19:54.1978346Z       46 |
2026-01-12T23:19:54.1978736Z       47 |     const input = page.locator('[data-testid="chat-input"]');
2026-01-12T23:19:54.1979226Z       48 |     const sendButton = page.locator('[data-testid="send-button"]');
2026-01-12T23:19:54.1980017Z         at /home/runner/work/Portfolio-Chatbot/Portfolio-Chatbot/apps/frontend/e2e/chat.spec.ts:45:18
2026-01-12T23:19:54.1980414Z 
2026-01-12T23:19:54.1980832Z     Error Context: test-results/chat-Chatbot-Widget-shows--d2236-during-message-transmission-chromium-retry2/error-context.md
2026-01-12T23:19:54.1981343Z 
2026-01-12T23:19:54.1981706Z   5) [chromium] â€º e2e/chat.spec.ts:67:3 â€º Chatbot Widget â€º disables input during message transmission 
2026-01-12T23:19:54.1982050Z 
2026-01-12T23:19:54.1982191Z     [31mTest timeout of 30000ms exceeded.[39m
2026-01-12T23:19:54.1982368Z 
2026-01-12T23:19:54.1982503Z     Error: locator.click: Test timeout of 30000ms exceeded.
2026-01-12T23:19:54.1982771Z     Call log:
2026-01-12T23:19:54.1983059Z     [2m  - waiting for locator('[data-testid="chat-bubble"]')[22m
2026-01-12T23:19:54.1983444Z 
2026-01-12T23:19:54.1983448Z 
2026-01-12T23:19:54.1983661Z       67 |   test('disables input during message transmission', async ({ page }) => {
2026-01-12T23:19:54.1984230Z       68 |     const bubble = page.locator('[data-testid="chat-bubble"]');
2026-01-12T23:19:54.1984668Z     > 69 |     await bubble.click();
2026-01-12T23:19:54.1984887Z          |                  ^
2026-01-12T23:19:54.1985080Z       70 |
2026-01-12T23:19:54.1985307Z       71 |     const input = page.locator('[data-testid="chat-input"]');
2026-01-12T23:19:54.1985716Z       72 |     const sendButton = page.locator('[data-testid="send-button"]');
2026-01-12T23:19:54.1986244Z         at /home/runner/work/Portfolio-Chatbot/Portfolio-Chatbot/apps/frontend/e2e/chat.spec.ts:69:18
2026-01-12T23:19:54.1986621Z 
2026-01-12T23:19:54.1987007Z     Error Context: test-results/chat-Chatbot-Widget-disabl-20de8-during-message-transmission-chromium/error-context.md
2026-01-12T23:19:54.1987492Z 
2026-01-12T23:19:54.1987798Z     Retry #1 â”€â”€â”€â”€â”€â”€â”€â”€â”€â”€â”€â”€â”€â”€â”€â”€â”€â”€â”€â”€â”€â”€â”€â”€â”€â”€â”€â”€â”€â”€â”€â”€â”€â”€â”€â”€â”€â”€â”€â”€â”€â”€â”€â”€â”€â”€â”€â”€â”€â”€â”€â”€â”€â”€â”€â”€â”€â”€â”€â”€â”€â”€â”€â”€â”€â”€â”€â”€â”€â”€â”€â”€â”€â”€â”€â”€â”€â”€â”€â”€â”€â”€â”€â”€â”€â”€â”€
2026-01-12T23:19:54.1988071Z 
2026-01-12T23:19:54.1988319Z     [31mTest timeout of 30000ms exceeded.[39m
2026-01-12T23:19:54.1988747Z 
2026-01-12T23:19:54.1988890Z     Error: locator.click: Test timeout of 30000ms exceeded.
2026-01-12T23:19:54.1989181Z     Call log:
2026-01-12T23:19:54.1989486Z     [2m  - waiting for locator('[data-testid="chat-bubble"]')[22m
2026-01-12T23:19:54.1989946Z 
2026-01-12T23:19:54.1989951Z 
2026-01-12T23:19:54.1990145Z       67 |   test('disables input during message transmission', async ({ page }) => {
2026-01-12T23:19:54.1990585Z       68 |     const bubble = page.locator('[data-testid="chat-bubble"]');
2026-01-12T23:19:54.1990912Z     > 69 |     await bubble.click();
2026-01-12T23:19:54.1991133Z          |                  ^
2026-01-12T23:19:54.1991318Z       70 |
2026-01-12T23:19:54.1991549Z       71 |     const input = page.locator('[data-testid="chat-input"]');
2026-01-12T23:19:54.1991954Z       72 |     const sendButton = page.locator('[data-testid="send-button"]');
2026-01-12T23:19:54.1992488Z         at /home/runner/work/Portfolio-Chatbot/Portfolio-Chatbot/apps/frontend/e2e/chat.spec.ts:69:18
2026-01-12T23:19:54.1993013Z 
2026-01-12T23:19:54.1993467Z     Error Context: test-results/chat-Chatbot-Widget-disabl-20de8-during-message-transmission-chromium-retry1/error-context.md
2026-01-12T23:19:54.1993987Z 
2026-01-12T23:19:54.1994328Z     attachment #2: trace (application/zip) â”€â”€â”€â”€â”€â”€â”€â”€â”€â”€â”€â”€â”€â”€â”€â”€â”€â”€â”€â”€â”€â”€â”€â”€â”€â”€â”€â”€â”€â”€â”€â”€â”€â”€â”€â”€â”€â”€â”€â”€â”€â”€â”€â”€â”€â”€â”€â”€â”€â”€â”€â”€â”€â”€â”€â”€â”€
2026-01-12T23:19:54.1994988Z     test-results/chat-Chatbot-Widget-disabl-20de8-during-message-transmission-chromium-retry1/trace.zip
2026-01-12T23:19:54.1995474Z     Usage:
2026-01-12T23:19:54.1995564Z 
2026-01-12T23:19:54.1995992Z         npx playwright show-trace test-results/chat-Chatbot-Widget-disabl-20de8-during-message-transmission-chromium-retry1/trace.zip
2026-01-12T23:19:54.1996598Z 
2026-01-12T23:19:54.1997009Z     â”€â”€â”€â”€â”€â”€â”€â”€â”€â”€â”€â”€â”€â”€â”€â”€â”€â”€â”€â”€â”€â”€â”€â”€â”€â”€â”€â”€â”€â”€â”€â”€â”€â”€â”€â”€â”€â”€â”€â”€â”€â”€â”€â”€â”€â”€â”€â”€â”€â”€â”€â”€â”€â”€â”€â”€â”€â”€â”€â”€â”€â”€â”€â”€â”€â”€â”€â”€â”€â”€â”€â”€â”€â”€â”€â”€â”€â”€â”€â”€â”€â”€â”€â”€â”€â”€â”€â”€â”€â”€â”€â”€â”€â”€â”€â”€
2026-01-12T23:19:54.1997283Z 
2026-01-12T23:19:54.1997561Z     Retry #2 â”€â”€â”€â”€â”€â”€â”€â”€â”€â”€â”€â”€â”€â”€â”€â”€â”€â”€â”€â”€â”€â”€â”€â”€â”€â”€â”€â”€â”€â”€â”€â”€â”€â”€â”€â”€â”€â”€â”€â”€â”€â”€â”€â”€â”€â”€â”€â”€â”€â”€â”€â”€â”€â”€â”€â”€â”€â”€â”€â”€â”€â”€â”€â”€â”€â”€â”€â”€â”€â”€â”€â”€â”€â”€â”€â”€â”€â”€â”€â”€â”€â”€â”€â”€â”€â”€â”€
2026-01-12T23:19:54.1997846Z 
2026-01-12T23:19:54.1997990Z     [31mTest timeout of 30000ms exceeded.[39m
2026-01-12T23:19:54.1998170Z 
2026-01-12T23:19:54.1998301Z     Error: locator.click: Test timeout of 30000ms exceeded.
2026-01-12T23:19:54.1998579Z     Call log:
2026-01-12T23:19:54.1998870Z     [2m  - waiting for locator('[data-testid="chat-bubble"]')[22m
2026-01-12T23:19:54.1999112Z 
2026-01-12T23:19:54.1999116Z 
2026-01-12T23:19:54.1999305Z       67 |   test('disables input during message transmission', async ({ page }) => {
2026-01-12T23:19:54.1999999Z       68 |     const bubble = page.locator('[data-testid="chat-bubble"]');
2026-01-12T23:19:54.2000329Z     > 69 |     await bubble.click();
2026-01-12T23:19:54.2000550Z          |                  ^
2026-01-12T23:19:54.2000735Z       70 |
2026-01-12T23:19:54.2001120Z       71 |     const input = page.locator('[data-testid="chat-input"]');
2026-01-12T23:19:54.2001527Z       72 |     const sendButton = page.locator('[data-testid="send-button"]');
2026-01-12T23:19:54.2002070Z         at /home/runner/work/Portfolio-Chatbot/Portfolio-Chatbot/apps/frontend/e2e/chat.spec.ts:69:18
2026-01-12T23:19:54.2002557Z 
2026-01-12T23:19:54.2003069Z     Error Context: test-results/chat-Chatbot-Widget-disabl-20de8-during-message-transmission-chromium-retry2/error-context.md
2026-01-12T23:19:54.2003585Z 
2026-01-12T23:19:54.2003929Z   6) [chromium] â€º e2e/chat.spec.ts:89:3 â€º Chatbot Widget â€º clears input after sending message â”€â”€â”€â”€â”€â”€
2026-01-12T23:19:54.2004268Z 
2026-01-12T23:19:54.2004404Z     [31mTest timeout of 30000ms exceeded.[39m
2026-01-12T23:19:54.2004580Z 
2026-01-12T23:19:54.2004711Z     Error: locator.click: Test timeout of 30000ms exceeded.
2026-01-12T23:19:54.2004981Z     Call log:
2026-01-12T23:19:54.2005276Z     [2m  - waiting for locator('[data-testid="chat-bubble"]')[22m
2026-01-12T23:19:54.2005510Z 
2026-01-12T23:19:54.2005513Z 
2026-01-12T23:19:54.2005673Z       89 |   test('clears input after sending message', async ({ page }) => {
2026-01-12T23:19:54.2006222Z       90 |     const bubble = page.locator('[data-testid="chat-bubble"]');
2026-01-12T23:19:54.2006544Z     > 91 |     await bubble.click();
2026-01-12T23:19:54.2006755Z          |                  ^
2026-01-12T23:19:54.2007045Z       92 |
2026-01-12T23:19:54.2007385Z       93 |     const input = page.locator('[data-testid="chat-input"]') as any;
2026-01-12T23:19:54.2007820Z       94 |     const sendButton = page.locator('[data-testid="send-button"]');
2026-01-12T23:19:54.2008346Z         at /home/runner/work/Portfolio-Chatbot/Portfolio-Chatbot/apps/frontend/e2e/chat.spec.ts:91:18
2026-01-12T23:19:54.2008723Z 
2026-01-12T23:19:54.2009076Z     Error Context: test-results/chat-Chatbot-Widget-clears-input-after-sending-message-chromium/error-context.md
2026-01-12T23:19:54.2009527Z 
2026-01-12T23:19:54.2009955Z     Retry #1 â”€â”€â”€â”€â”€â”€â”€â”€â”€â”€â”€â”€â”€â”€â”€â”€â”€â”€â”€â”€â”€â”€â”€â”€â”€â”€â”€â”€â”€â”€â”€â”€â”€â”€â”€â”€â”€â”€â”€â”€â”€â”€â”€â”€â”€â”€â”€â”€â”€â”€â”€â”€â”€â”€â”€â”€â”€â”€â”€â”€â”€â”€â”€â”€â”€â”€â”€â”€â”€â”€â”€â”€â”€â”€â”€â”€â”€â”€â”€â”€â”€â”€â”€â”€â”€â”€â”€
2026-01-12T23:19:54.2010224Z 
2026-01-12T23:19:54.2010373Z     [31mTest timeout of 30000ms exceeded.[39m
2026-01-12T23:19:54.2010554Z 
2026-01-12T23:19:54.2010679Z     Error: locator.click: Test timeout of 30000ms exceeded.
2026-01-12T23:19:54.2010949Z     Call log:
2026-01-12T23:19:54.2011231Z     [2m  - waiting for locator('[data-testid="chat-bubble"]')[22m
2026-01-12T23:19:54.2011590Z 
2026-01-12T23:19:54.2011595Z 
2026-01-12T23:19:54.2011815Z       89 |   test('clears input after sending message', async ({ page }) => {
2026-01-12T23:19:54.2012219Z       90 |     const bubble = page.locator('[data-testid="chat-bubble"]');
2026-01-12T23:19:54.2012544Z     > 91 |     await bubble.click();
2026-01-12T23:19:54.2012754Z          |                  ^
2026-01-12T23:19:54.2012937Z       92 |
2026-01-12T23:19:54.2013176Z       93 |     const input = page.locator('[data-testid="chat-input"]') as any;
2026-01-12T23:19:54.2013772Z       94 |     const sendButton = page.locator('[data-testid="send-button"]');
2026-01-12T23:19:54.2014311Z         at /home/runner/work/Portfolio-Chatbot/Portfolio-Chatbot/apps/frontend/e2e/chat.spec.ts:91:18
2026-01-12T23:19:54.2014679Z 
2026-01-12T23:19:54.2015071Z     Error Context: test-results/chat-Chatbot-Widget-clears-input-after-sending-message-chromium-retry1/error-context.md
2026-01-12T23:19:54.2015563Z 
2026-01-12T23:19:54.2015898Z     attachment #2: trace (application/zip) â”€â”€â”€â”€â”€â”€â”€â”€â”€â”€â”€â”€â”€â”€â”€â”€â”€â”€â”€â”€â”€â”€â”€â”€â”€â”€â”€â”€â”€â”€â”€â”€â”€â”€â”€â”€â”€â”€â”€â”€â”€â”€â”€â”€â”€â”€â”€â”€â”€â”€â”€â”€â”€â”€â”€â”€â”€
2026-01-12T23:19:54.2016529Z     test-results/chat-Chatbot-Widget-clears-input-after-sending-message-chromium-retry1/trace.zip
2026-01-12T23:19:54.2016995Z     Usage:
2026-01-12T23:19:54.2017081Z 
2026-01-12T23:19:54.2017674Z         npx playwright show-trace test-results/chat-Chatbot-Widget-clears-input-after-sending-message-chromium-retry1/trace.zip
2026-01-12T23:19:54.2018189Z 
2026-01-12T23:19:54.2018488Z     â”€â”€â”€â”€â”€â”€â”€â”€â”€â”€â”€â”€â”€â”€â”€â”€â”€â”€â”€â”€â”€â”€â”€â”€â”€â”€â”€â”€â”€â”€â”€â”€â”€â”€â”€â”€â”€â”€â”€â”€â”€â”€â”€â”€â”€â”€â”€â”€â”€â”€â”€â”€â”€â”€â”€â”€â”€â”€â”€â”€â”€â”€â”€â”€â”€â”€â”€â”€â”€â”€â”€â”€â”€â”€â”€â”€â”€â”€â”€â”€â”€â”€â”€â”€â”€â”€â”€â”€â”€â”€â”€â”€â”€â”€â”€â”€
2026-01-12T23:19:54.2018757Z 
2026-01-12T23:19:54.2019029Z     Retry #2 â”€â”€â”€â”€â”€â”€â”€â”€â”€â”€â”€â”€â”€â”€â”€â”€â”€â”€â”€â”€â”€â”€â”€â”€â”€â”€â”€â”€â”€â”€â”€â”€â”€â”€â”€â”€â”€â”€â”€â”€â”€â”€â”€â”€â”€â”€â”€â”€â”€â”€â”€â”€â”€â”€â”€â”€â”€â”€â”€â”€â”€â”€â”€â”€â”€â”€â”€â”€â”€â”€â”€â”€â”€â”€â”€â”€â”€â”€â”€â”€â”€â”€â”€â”€â”€â”€â”€
2026-01-12T23:19:54.2019444Z 
2026-01-12T23:19:54.2019587Z     [31mTest timeout of 30000ms exceeded.[39m
2026-01-12T23:19:54.2020037Z 
2026-01-12T23:19:54.2020173Z     Error: locator.click: Test timeout of 30000ms exceeded.
2026-01-12T23:19:54.2020453Z     Call log:
2026-01-12T23:19:54.2020746Z     [2m  - waiting for locator('[data-testid="chat-bubble"]')[22m
2026-01-12T23:19:54.2020983Z 
2026-01-12T23:19:54.2020987Z 
2026-01-12T23:19:54.2021146Z       89 |   test('clears input after sending message', async ({ page }) => {
2026-01-12T23:19:54.2021789Z       90 |     const bubble = page.locator('[data-testid="chat-bubble"]');
2026-01-12T23:19:54.2022378Z     > 91 |     await bubble.click();
2026-01-12T23:19:54.2022758Z          |                  ^
2026-01-12T23:19:54.2023095Z       92 |
2026-01-12T23:19:54.2023532Z       93 |     const input = page.locator('[data-testid="chat-input"]') as any;
2026-01-12T23:19:54.2023978Z       94 |     const sendButton = page.locator('[data-testid="send-button"]');
2026-01-12T23:19:54.2024525Z         at /home/runner/work/Portfolio-Chatbot/Portfolio-Chatbot/apps/frontend/e2e/chat.spec.ts:91:18
2026-01-12T23:19:54.2024893Z 
2026-01-12T23:19:54.2025282Z     Error Context: test-results/chat-Chatbot-Widget-clears-input-after-sending-message-chromium-retry2/error-context.md
2026-01-12T23:19:54.2025772Z 
2026-01-12T23:19:54.2026374Z   7) [chromium] â€º e2e/chat.spec.ts:109:3 â€º Chatbot Widget â€º displays multiple messages in conversation history 
2026-01-12T23:19:54.2026766Z 
2026-01-12T23:19:54.2026919Z     [31mTest timeout of 30000ms exceeded.[39m
2026-01-12T23:19:54.2027098Z 
2026-01-12T23:19:54.2027227Z     Error: locator.click: Test timeout of 30000ms exceeded.
2026-01-12T23:19:54.2027504Z     Call log:
2026-01-12T23:19:54.2027796Z     [2m  - waiting for locator('[data-testid="chat-bubble"]')[22m
2026-01-12T23:19:54.2028039Z 
2026-01-12T23:19:54.2028042Z 
2026-01-12T23:19:54.2028272Z       109 |   test('displays multiple messages in conversation history', async ({ page }) => {
2026-01-12T23:19:54.2028771Z       110 |     const bubble = page.locator('[data-testid="chat-bubble"]');
2026-01-12T23:19:54.2029102Z     > 111 |     await bubble.click();
2026-01-12T23:19:54.2029329Z           |                  ^
2026-01-12T23:19:54.2029514Z       112 |
2026-01-12T23:19:54.2029988Z       113 |     const input = page.locator('[data-testid="chat-input"]');
2026-01-12T23:19:54.2030590Z       114 |     const sendButton = page.locator('[data-testid="send-button"]');
2026-01-12T23:19:54.2031152Z         at /home/runner/work/Portfolio-Chatbot/Portfolio-Chatbot/apps/frontend/e2e/chat.spec.ts:111:18
2026-01-12T23:19:54.2031524Z 
2026-01-12T23:19:54.2031908Z     Error Context: test-results/chat-Chatbot-Widget-displa-86d72-ges-in-conversation-history-chromium/error-context.md
2026-01-12T23:19:54.2032557Z 
2026-01-12T23:19:54.2032879Z     Retry #1 â”€â”€â”€â”€â”€â”€â”€â”€â”€â”€â”€â”€â”€â”€â”€â”€â”€â”€â”€â”€â”€â”€â”€â”€â”€â”€â”€â”€â”€â”€â”€â”€â”€â”€â”€â”€â”€â”€â”€â”€â”€â”€â”€â”€â”€â”€â”€â”€â”€â”€â”€â”€â”€â”€â”€â”€â”€â”€â”€â”€â”€â”€â”€â”€â”€â”€â”€â”€â”€â”€â”€â”€â”€â”€â”€â”€â”€â”€â”€â”€â”€â”€â”€â”€â”€â”€â”€
2026-01-12T23:19:54.2033170Z 
2026-01-12T23:19:54.2033309Z     [31mTest timeout of 30000ms exceeded.[39m
2026-01-12T23:19:54.2033488Z 
2026-01-12T23:19:54.2033648Z     Error: locator.click: Test timeout of 30000ms exceeded.
2026-01-12T23:19:54.2033945Z     Call log:
2026-01-12T23:19:54.2034242Z     [2m  - waiting for locator('[data-testid="chat-bubble"]')[22m
2026-01-12T23:19:54.2034474Z 
2026-01-12T23:19:54.2034477Z 
2026-01-12T23:19:54.2034700Z       109 |   test('displays multiple messages in conversation history', async ({ page }) => {
2026-01-12T23:19:54.2035191Z       110 |     const bubble = page.locator('[data-testid="chat-bubble"]');
2026-01-12T23:19:54.2035725Z     > 111 |     await bubble.click();
2026-01-12T23:19:54.2035969Z           |                  ^
2026-01-12T23:19:54.2036168Z       112 |
2026-01-12T23:19:54.2036417Z       113 |     const input = page.locator('[data-testid="chat-input"]');
2026-01-12T23:19:54.2036832Z       114 |     const sendButton = page.locator('[data-testid="send-button"]');
2026-01-12T23:19:54.2037518Z         at /home/runner/work/Portfolio-Chatbot/Portfolio-Chatbot/apps/frontend/e2e/chat.spec.ts:111:18
2026-01-12T23:19:54.2037888Z 
2026-01-12T23:19:54.2038300Z     Error Context: test-results/chat-Chatbot-Widget-displa-86d72-ges-in-conversation-history-chromium-retry1/error-context.md
2026-01-12T23:19:54.2038810Z 
2026-01-12T23:19:54.2039154Z     attachment #2: trace (application/zip) â”€â”€â”€â”€â”€â”€â”€â”€â”€â”€â”€â”€â”€â”€â”€â”€â”€â”€â”€â”€â”€â”€â”€â”€â”€â”€â”€â”€â”€â”€â”€â”€â”€â”€â”€â”€â”€â”€â”€â”€â”€â”€â”€â”€â”€â”€â”€â”€â”€â”€â”€â”€â”€â”€â”€â”€â”€
2026-01-12T23:19:54.2040246Z     test-results/chat-Chatbot-Widget-displa-86d72-ges-in-conversation-history-chromium-retry1/trace.zip
2026-01-12T23:19:54.2040749Z     Usage:
2026-01-12T23:19:54.2040839Z 
2026-01-12T23:19:54.2041266Z         npx playwright show-trace test-results/chat-Chatbot-Widget-displa-86d72-ges-in-conversation-history-chromium-retry1/trace.zip
2026-01-12T23:19:54.2041812Z 
2026-01-12T23:19:54.2042102Z     â”€â”€â”€â”€â”€â”€â”€â”€â”€â”€â”€â”€â”€â”€â”€â”€â”€â”€â”€â”€â”€â”€â”€â”€â”€â”€â”€â”€â”€â”€â”€â”€â”€â”€â”€â”€â”€â”€â”€â”€â”€â”€â”€â”€â”€â”€â”€â”€â”€â”€â”€â”€â”€â”€â”€â”€â”€â”€â”€â”€â”€â”€â”€â”€â”€â”€â”€â”€â”€â”€â”€â”€â”€â”€â”€â”€â”€â”€â”€â”€â”€â”€â”€â”€â”€â”€â”€â”€â”€â”€â”€â”€â”€â”€â”€â”€
2026-01-12T23:19:54.2042379Z 
2026-01-12T23:19:54.2042659Z     Retry #2 â”€â”€â”€â”€â”€â”€â”€â”€â”€â”€â”€â”€â”€â”€â”€â”€â”€â”€â”€â”€â”€â”€â”€â”€â”€â”€â”€â”€â”€â”€â”€â”€â”€â”€â”€â”€â”€â”€â”€â”€â”€â”€â”€â”€â”€â”€â”€â”€â”€â”€â”€â”€â”€â”€â”€â”€â”€â”€â”€â”€â”€â”€â”€â”€â”€â”€â”€â”€â”€â”€â”€â”€â”€â”€â”€â”€â”€â”€â”€â”€â”€â”€â”€â”€â”€â”€â”€
2026-01-12T23:19:54.2042925Z 
2026-01-12T23:19:54.2043062Z     [31mTest timeout of 30000ms exceeded.[39m
2026-01-12T23:19:54.2043247Z 
2026-01-12T23:19:54.2043426Z     Error: locator.click: Test timeout of 30000ms exceeded.
2026-01-12T23:19:54.2043852Z     Call log:
2026-01-12T23:19:54.2044161Z     [2m  - waiting for locator('[data-testid="chat-bubble"]')[22m
2026-01-12T23:19:54.2044393Z 
2026-01-12T23:19:54.2044396Z 
2026-01-12T23:19:54.2044626Z       109 |   test('displays multiple messages in conversation history', async ({ page }) => {
2026-01-12T23:19:54.2045095Z       110 |     const bubble = page.locator('[data-testid="chat-bubble"]');
2026-01-12T23:19:54.2045581Z     > 111 |     await bubble.click();
2026-01-12T23:19:54.2045808Z           |                  ^
2026-01-12T23:19:54.2045996Z       112 |
2026-01-12T23:19:54.2046228Z       113 |     const input = page.locator('[data-testid="chat-input"]');
2026-01-12T23:19:54.2046645Z       114 |     const sendButton = page.locator('[data-testid="send-button"]');
2026-01-12T23:19:54.2047186Z         at /home/runner/work/Portfolio-Chatbot/Portfolio-Chatbot/apps/frontend/e2e/chat.spec.ts:111:18
2026-01-12T23:19:54.2047552Z 
2026-01-12T23:19:54.2047967Z     Error Context: test-results/chat-Chatbot-Widget-displa-86d72-ges-in-conversation-history-chromium-retry2/error-context.md
2026-01-12T23:19:54.2048679Z 
2026-01-12T23:19:54.2049025Z   8) [chromium] â€º e2e/chat.spec.ts:134:3 â€º Chatbot Widget â€º scrolls to new messages â”€â”€â”€â”€â”€â”€â”€â”€â”€â”€â”€â”€â”€â”€â”€â”€
2026-01-12T23:19:54.2049358Z 
2026-01-12T23:19:54.2049501Z     [31mTest timeout of 30000ms exceeded.[39m
2026-01-12T23:19:54.2049785Z 
2026-01-12T23:19:54.2049917Z     Error: locator.click: Test timeout of 30000ms exceeded.
2026-01-12T23:19:54.2050207Z     Call log:
2026-01-12T23:19:54.2050493Z     [2m  - waiting for locator('[data-testid="chat-bubble"]')[22m
2026-01-12T23:19:54.2050876Z 
2026-01-12T23:19:54.2050879Z 
2026-01-12T23:19:54.2051011Z       134 |   test('scrolls to new messages', async ({ page }) => {
2026-01-12T23:19:54.2051380Z       135 |     const bubble = page.locator('[data-testid="chat-bubble"]');
2026-01-12T23:19:54.2051709Z     > 136 |     await bubble.click();
2026-01-12T23:19:54.2051927Z           |                  ^
2026-01-12T23:19:54.2052110Z       137 |
2026-01-12T23:19:54.2052399Z       138 |     const input = page.locator('[data-testid="chat-input"]');
2026-01-12T23:19:54.2052957Z       139 |     const sendButton = page.locator('[data-testid="send-button"]');
2026-01-12T23:19:54.2053502Z         at /home/runner/work/Portfolio-Chatbot/Portfolio-Chatbot/apps/frontend/e2e/chat.spec.ts:136:18
2026-01-12T23:19:54.2053868Z 
2026-01-12T23:19:54.2054171Z     Error Context: test-results/chat-Chatbot-Widget-scrolls-to-new-messages-chromium/error-context.md
2026-01-12T23:19:54.2054569Z 
2026-01-12T23:19:54.2054859Z     Retry #1 â”€â”€â”€â”€â”€â”€â”€â”€â”€â”€â”€â”€â”€â”€â”€â”€â”€â”€â”€â”€â”€â”€â”€â”€â”€â”€â”€â”€â”€â”€â”€â”€â”€â”€â”€â”€â”€â”€â”€â”€â”€â”€â”€â”€â”€â”€â”€â”€â”€â”€â”€â”€â”€â”€â”€â”€â”€â”€â”€â”€â”€â”€â”€â”€â”€â”€â”€â”€â”€â”€â”€â”€â”€â”€â”€â”€â”€â”€â”€â”€â”€â”€â”€â”€â”€â”€â”€
2026-01-12T23:19:54.2055215Z 
2026-01-12T23:19:54.2055477Z     [31mTest timeout of 30000ms exceeded.[39m
2026-01-12T23:19:54.2055778Z 
2026-01-12T23:19:54.2055916Z     Error: locator.click: Test timeout of 30000ms exceeded.
2026-01-12T23:19:54.2056199Z     Call log:
2026-01-12T23:19:54.2056488Z     [2m  - waiting for locator('[data-testid="chat-bubble"]')[22m
2026-01-12T23:19:54.2056728Z 
2026-01-12T23:19:54.2056732Z 
2026-01-12T23:19:54.2056865Z       134 |   test('scrolls to new messages', async ({ page }) => {
2026-01-12T23:19:54.2057248Z       135 |     const bubble = page.locator('[data-testid="chat-bubble"]');
2026-01-12T23:19:54.2057570Z     > 136 |     await bubble.click();
2026-01-12T23:19:54.2057786Z           |                  ^
2026-01-12T23:19:54.2057967Z       137 |
2026-01-12T23:19:54.2058211Z       138 |     const input = page.locator('[data-testid="chat-input"]');
2026-01-12T23:19:54.2058917Z       139 |     const sendButton = page.locator('[data-testid="send-button"]');
2026-01-12T23:19:54.2060106Z         at /home/runner/work/Portfolio-Chatbot/Portfolio-Chatbot/apps/frontend/e2e/chat.spec.ts:136:18
2026-01-12T23:19:54.2060781Z 
2026-01-12T23:19:54.2061394Z     Error Context: test-results/chat-Chatbot-Widget-scrolls-to-new-messages-chromium-retry1/error-context.md
2026-01-12T23:19:54.2062221Z 
2026-01-12T23:19:54.2062877Z     attachment #2: trace (application/zip) â”€â”€â”€â”€â”€â”€â”€â”€â”€â”€â”€â”€â”€â”€â”€â”€â”€â”€â”€â”€â”€â”€â”€â”€â”€â”€â”€â”€â”€â”€â”€â”€â”€â”€â”€â”€â”€â”€â”€â”€â”€â”€â”€â”€â”€â”€â”€â”€â”€â”€â”€â”€â”€â”€â”€â”€â”€
2026-01-12T23:19:54.2063937Z     test-results/chat-Chatbot-Widget-scrolls-to-new-messages-chromium-retry1/trace.zip
2026-01-12T23:19:54.2064700Z     Usage:
2026-01-12T23:19:54.2064859Z 
2026-01-12T23:19:54.2065499Z         npx playwright show-trace test-results/chat-Chatbot-Widget-scrolls-to-new-messages-chromium-retry1/trace.zip
2026-01-12T23:19:54.2066315Z 
2026-01-12T23:19:54.2067054Z     â”€â”€â”€â”€â”€â”€â”€â”€â”€â”€â”€â”€â”€â”€â”€â”€â”€â”€â”€â”€â”€â”€â”€â”€â”€â”€â”€â”€â”€â”€â”€â”€â”€â”€â”€â”€â”€â”€â”€â”€â”€â”€â”€â”€â”€â”€â”€â”€â”€â”€â”€â”€â”€â”€â”€â”€â”€â”€â”€â”€â”€â”€â”€â”€â”€â”€â”€â”€â”€â”€â”€â”€â”€â”€â”€â”€â”€â”€â”€â”€â”€â”€â”€â”€â”€â”€â”€â”€â”€â”€â”€â”€â”€â”€â”€â”€
2026-01-12T23:19:54.2067553Z 
2026-01-12T23:19:54.2068095Z     Retry #2 â”€â”€â”€â”€â”€â”€â”€â”€â”€â”€â”€â”€â”€â”€â”€â”€â”€â”€â”€â”€â”€â”€â”€â”€â”€â”€â”€â”€â”€â”€â”€â”€â”€â”€â”€â”€â”€â”€â”€â”€â”€â”€â”€â”€â”€â”€â”€â”€â”€â”€â”€â”€â”€â”€â”€â”€â”€â”€â”€â”€â”€â”€â”€â”€â”€â”€â”€â”€â”€â”€â”€â”€â”€â”€â”€â”€â”€â”€â”€â”€â”€â”€â”€â”€â”€â”€â”€
2026-01-12T23:19:54.2068597Z 
2026-01-12T23:19:54.2068860Z     [31mTest timeout of 30000ms exceeded.[39m
2026-01-12T23:19:54.2069195Z 
2026-01-12T23:19:54.2069421Z     Error: locator.click: Test timeout of 30000ms exceeded.
2026-01-12T23:19:54.2070094Z     Call log:
2026-01-12T23:19:54.2070605Z     [2m  - waiting for locator('[data-testid="chat-bubble"]')[22m
2026-01-12T23:19:54.2071020Z 
2026-01-12T23:19:54.2071025Z 
2026-01-12T23:19:54.2071261Z       134 |   test('scrolls to new messages', async ({ page }) => {
2026-01-12T23:19:54.2071935Z       135 |     const bubble = page.locator('[data-testid="chat-bubble"]');
2026-01-12T23:19:54.2072533Z     > 136 |     await bubble.click();
2026-01-12T23:19:54.2072956Z           |                  ^
2026-01-12T23:19:54.2073284Z       137 |
2026-01-12T23:19:54.2073752Z       138 |     const input = page.locator('[data-testid="chat-input"]');
2026-01-12T23:19:54.2074712Z       139 |     const sendButton = page.locator('[data-testid="send-button"]');
2026-01-12T23:19:54.2075676Z         at /home/runner/work/Portfolio-Chatbot/Portfolio-Chatbot/apps/frontend/e2e/chat.spec.ts:136:18
2026-01-12T23:19:54.2076431Z 
2026-01-12T23:19:54.2077030Z     Error Context: test-results/chat-Chatbot-Widget-scrolls-to-new-messages-chromium-retry2/error-context.md
2026-01-12T23:19:54.2077799Z 
2026-01-12T23:19:54.2078443Z   9) [chromium] â€º e2e/chat.spec.ts:153:3 â€º Chatbot Widget â€º closes chat window when close button is clicked 
2026-01-12T23:19:54.2079076Z 
2026-01-12T23:19:54.2079325Z     [31mTest timeout of 30000ms exceeded.[39m
2026-01-12T23:19:54.2079640Z 
2026-01-12T23:19:54.2080015Z     Error: locator.click: Test timeout of 30000ms exceeded.
2026-01-12T23:19:54.2080496Z     Call log:
2026-01-12T23:19:54.2081011Z     [2m  - waiting for locator('[data-testid="chat-bubble"]')[22m
2026-01-12T23:19:54.2081420Z 
2026-01-12T23:19:54.2081425Z 
2026-01-12T23:19:54.2081786Z       153 |   test('closes chat window when close button is clicked', async ({ page }) => {
2026-01-12T23:19:54.2082585Z       154 |     const bubble = page.locator('[data-testid="chat-bubble"]');
2026-01-12T23:19:54.2083163Z     > 155 |     await bubble.click();
2026-01-12T23:19:54.2083565Z           |                  ^
2026-01-12T23:19:54.2083901Z       156 |
2026-01-12T23:19:54.2084336Z       157 |     const window = page.locator('[data-testid="chat-window"]');
2026-01-12T23:19:54.2084944Z       158 |     await expect(window).toBeVisible();
2026-01-12T23:19:54.2085763Z         at /home/runner/work/Portfolio-Chatbot/Portfolio-Chatbot/apps/frontend/e2e/chat.spec.ts:155:18
2026-01-12T23:19:54.2086445Z 
2026-01-12T23:19:54.2087356Z     Error Context: test-results/chat-Chatbot-Widget-closes-cbcaa-hen-close-button-is-clicked-chromium/error-context.md
2026-01-12T23:19:54.2088252Z 
2026-01-12T23:19:54.2088791Z     Retry #1 â”€â”€â”€â”€â”€â”€â”€â”€â”€â”€â”€â”€â”€â”€â”€â”€â”€â”€â”€â”€â”€â”€â”€â”€â”€â”€â”€â”€â”€â”€â”€â”€â”€â”€â”€â”€â”€â”€â”€â”€â”€â”€â”€â”€â”€â”€â”€â”€â”€â”€â”€â”€â”€â”€â”€â”€â”€â”€â”€â”€â”€â”€â”€â”€â”€â”€â”€â”€â”€â”€â”€â”€â”€â”€â”€â”€â”€â”€â”€â”€â”€â”€â”€â”€â”€â”€â”€
2026-01-12T23:19:54.2089292Z 
2026-01-12T23:19:54.2089541Z     [31mTest timeout of 30000ms exceeded.[39m
2026-01-12T23:19:54.2090022Z 
2026-01-12T23:19:54.2090246Z     Error: locator.click: Test timeout of 30000ms exceeded.
2026-01-12T23:19:54.2090732Z     Call log:
2026-01-12T23:19:54.2091280Z     [2m  - waiting for locator('[data-testid="chat-bubble"]')[22m
2026-01-12T23:19:54.2091705Z 
2026-01-12T23:19:54.2091712Z 
2026-01-12T23:19:54.2092077Z       153 |   test('closes chat window when close button is clicked', async ({ page }) => {
2026-01-12T23:19:54.2092901Z       154 |     const bubble = page.locator('[data-testid="chat-bubble"]');
2026-01-12T23:19:54.2093480Z     > 155 |     await bubble.click();
2026-01-12T23:19:54.2093865Z           |                  ^
2026-01-12T23:19:54.2094188Z       156 |
2026-01-12T23:19:54.2094619Z       157 |     const window = page.locator('[data-testid="chat-window"]');
2026-01-12T23:19:54.2095214Z       158 |     await expect(window).toBeVisible();
2026-01-12T23:19:54.2096039Z         at /home/runner/work/Portfolio-Chatbot/Portfolio-Chatbot/apps/frontend/e2e/chat.spec.ts:155:18
2026-01-12T23:19:54.2096720Z 
2026-01-12T23:19:54.2097504Z     Error Context: test-results/chat-Chatbot-Widget-closes-cbcaa-hen-close-button-is-clicked-chromium-retry1/error-context.md
2026-01-12T23:19:54.2098455Z 
2026-01-12T23:19:54.2099081Z     attachment #2: trace (application/zip) â”€â”€â”€â”€â”€â”€â”€â”€â”€â”€â”€â”€â”€â”€â”€â”€â”€â”€â”€â”€â”€â”€â”€â”€â”€â”€â”€â”€â”€â”€â”€â”€â”€â”€â”€â”€â”€â”€â”€â”€â”€â”€â”€â”€â”€â”€â”€â”€â”€â”€â”€â”€â”€â”€â”€â”€â”€
2026-01-12T23:19:54.2100433Z     test-results/chat-Chatbot-Widget-closes-cbcaa-hen-close-button-is-clicked-chromium-retry1/trace.zip
2026-01-12T23:19:54.2101336Z     Usage:
2026-01-12T23:19:54.2101492Z 
2026-01-12T23:19:54.2102306Z         npx playwright show-trace test-results/chat-Chatbot-Widget-closes-cbcaa-hen-close-button-is-clicked-chromium-retry1/trace.zip
2026-01-12T23:19:54.2103297Z 
2026-01-12T23:19:54.2103824Z     â”€â”€â”€â”€â”€â”€â”€â”€â”€â”€â”€â”€â”€â”€â”€â”€â”€â”€â”€â”€â”€â”€â”€â”€â”€â”€â”€â”€â”€â”€â”€â”€â”€â”€â”€â”€â”€â”€â”€â”€â”€â”€â”€â”€â”€â”€â”€â”€â”€â”€â”€â”€â”€â”€â”€â”€â”€â”€â”€â”€â”€â”€â”€â”€â”€â”€â”€â”€â”€â”€â”€â”€â”€â”€â”€â”€â”€â”€â”€â”€â”€â”€â”€â”€â”€â”€â”€â”€â”€â”€â”€â”€â”€â”€â”€â”€
2026-01-12T23:19:54.2104298Z 
2026-01-12T23:19:54.2105048Z     Retry #2 â”€â”€â”€â”€â”€â”€â”€â”€â”€â”€â”€â”€â”€â”€â”€â”€â”€â”€â”€â”€â”€â”€â”€â”€â”€â”€â”€â”€â”€â”€â”€â”€â”€â”€â”€â”€â”€â”€â”€â”€â”€â”€â”€â”€â”€â”€â”€â”€â”€â”€â”€â”€â”€â”€â”€â”€â”€â”€â”€â”€â”€â”€â”€â”€â”€â”€â”€â”€â”€â”€â”€â”€â”€â”€â”€â”€â”€â”€â”€â”€â”€â”€â”€â”€â”€â”€â”€
2026-01-12T23:19:54.2105529Z 
2026-01-12T23:19:54.2105777Z     [31mTest timeout of 30000ms exceeded.[39m
2026-01-12T23:19:54.2106102Z 
2026-01-12T23:19:54.2106325Z     Error: locator.click: Test timeout of 30000ms exceeded.
2026-01-12T23:19:54.2106812Z     Call log:
2026-01-12T23:19:54.2107337Z     [2m  - waiting for locator('[data-testid="chat-bubble"]')[22m
2026-01-12T23:19:54.2107750Z 
2026-01-12T23:19:54.2107756Z 
2026-01-12T23:19:54.2108114Z       153 |   test('closes chat window when close button is clicked', async ({ page }) => {
2026-01-12T23:19:54.2108921Z       154 |     const bubble = page.locator('[data-testid="chat-bubble"]');
2026-01-12T23:19:54.2109520Z     > 155 |     await bubble.click();
2026-01-12T23:19:54.2110110Z           |                  ^
2026-01-12T23:19:54.2110460Z       156 |
2026-01-12T23:19:54.2110901Z       157 |     const window = page.locator('[data-testid="chat-window"]');
2026-01-12T23:19:54.2111557Z       158 |     await expect(window).toBeVisible();
2026-01-12T23:19:54.2112379Z         at /home/runner/work/Portfolio-Chatbot/Portfolio-Chatbot/apps/frontend/e2e/chat.spec.ts:155:18
2026-01-12T23:19:54.2113050Z 
2026-01-12T23:19:54.2113798Z     Error Context: test-results/chat-Chatbot-Widget-closes-cbcaa-hen-close-button-is-clicked-chromium-retry2/error-context.md
2026-01-12T23:19:54.2114729Z 
2026-01-12T23:19:54.2115328Z   10) [chromium] â€º e2e/chat.spec.ts:170:3 â€º Chatbot Widget â€º can reopen chat after closing â”€â”€â”€â”€â”€â”€â”€â”€â”€
2026-01-12T23:19:54.2115930Z 
2026-01-12T23:19:54.2116179Z     [31mTest timeout of 30000ms exceeded.[39m
2026-01-12T23:19:54.2116510Z 
2026-01-12T23:19:54.2116733Z     Error: locator.click: Test timeout of 30000ms exceeded.
2026-01-12T23:19:54.2117223Z     Call log:
2026-01-12T23:19:54.2117940Z     [2m  - waiting for locator('[data-testid="chat-bubble"]')[22m
2026-01-12T23:19:54.2118366Z 
2026-01-12T23:19:54.2118379Z 
2026-01-12T23:19:54.2118494Z       173 |
2026-01-12T23:19:54.2118752Z       174 |     // Open
2026-01-12T23:19:54.2119089Z     > 175 |     await bubble.click();
2026-01-12T23:19:54.2119467Z           |                  ^
2026-01-12T23:19:54.2120069Z       176 |     await expect(window).toBeVisible();
2026-01-12T23:19:54.2120513Z       177 |
2026-01-12T23:19:54.2120766Z       178 |     // Close
2026-01-12T23:19:54.2121454Z         at /home/runner/work/Portfolio-Chatbot/Portfolio-Chatbot/apps/frontend/e2e/chat.spec.ts:175:18
2026-01-12T23:19:54.2122105Z 
2026-01-12T23:19:54.2122683Z     Error Context: test-results/chat-Chatbot-Widget-can-reopen-chat-after-closing-chromium/error-context.md
2026-01-12T23:19:54.2123452Z 
2026-01-12T23:19:54.2123989Z     Retry #1 â”€â”€â”€â”€â”€â”€â”€â”€â”€â”€â”€â”€â”€â”€â”€â”€â”€â”€â”€â”€â”€â”€â”€â”€â”€â”€â”€â”€â”€â”€â”€â”€â”€â”€â”€â”€â”€â”€â”€â”€â”€â”€â”€â”€â”€â”€â”€â”€â”€â”€â”€â”€â”€â”€â”€â”€â”€â”€â”€â”€â”€â”€â”€â”€â”€â”€â”€â”€â”€â”€â”€â”€â”€â”€â”€â”€â”€â”€â”€â”€â”€â”€â”€â”€â”€â”€â”€
2026-01-12T23:19:54.2124490Z 
2026-01-12T23:19:54.2124759Z     [31mTest timeout of 30000ms exceeded.[39m
2026-01-12T23:19:54.2125090Z 
2026-01-12T23:19:54.2125319Z     Error: locator.click: Test timeout of 30000ms exceeded.
2026-01-12T23:19:54.2126057Z     Call log:
2026-01-12T23:19:54.2126600Z     [2m  - waiting for locator('[data-testid="chat-bubble"]')[22m
2026-01-12T23:19:54.2126973Z 
2026-01-12T23:19:54.2126977Z 
2026-01-12T23:19:54.2127039Z       173 |
2026-01-12T23:19:54.2127201Z       174 |     // Open
2026-01-12T23:19:54.2127402Z     > 175 |     await bubble.click();
2026-01-12T23:19:54.2127625Z           |                  ^
2026-01-12T23:19:54.2127856Z       176 |     await expect(window).toBeVisible();
2026-01-12T23:19:54.2128104Z       177 |
2026-01-12T23:19:54.2128251Z       178 |     // Close
2026-01-12T23:19:54.2128650Z         at /home/runner/work/Portfolio-Chatbot/Portfolio-Chatbot/apps/frontend/e2e/chat.spec.ts:175:18
2026-01-12T23:19:54.2129365Z 
2026-01-12T23:19:54.2130169Z     Error Context: test-results/chat-Chatbot-Widget-can-reopen-chat-after-closing-chromium-retry1/error-context.md
2026-01-12T23:19:54.2130660Z 
2026-01-12T23:19:54.2131018Z     attachment #2: trace (application/zip) â”€â”€â”€â”€â”€â”€â”€â”€â”€â”€â”€â”€â”€â”€â”€â”€â”€â”€â”€â”€â”€â”€â”€â”€â”€â”€â”€â”€â”€â”€â”€â”€â”€â”€â”€â”€â”€â”€â”€â”€â”€â”€â”€â”€â”€â”€â”€â”€â”€â”€â”€â”€â”€â”€â”€â”€â”€
2026-01-12T23:19:54.2131643Z     test-results/chat-Chatbot-Widget-can-reopen-chat-after-closing-chromium-retry1/trace.zip
2026-01-12T23:19:54.2132082Z     Usage:
2026-01-12T23:19:54.2132172Z 
2026-01-12T23:19:54.2132558Z         npx playwright show-trace test-results/chat-Chatbot-Widget-can-reopen-chat-after-closing-chromium-retry1/trace.zip
2026-01-12T23:19:54.2133036Z 
2026-01-12T23:19:54.2133303Z     â”€â”€â”€â”€â”€â”€â”€â”€â”€â”€â”€â”€â”€â”€â”€â”€â”€â”€â”€â”€â”€â”€â”€â”€â”€â”€â”€â”€â”€â”€â”€â”€â”€â”€â”€â”€â”€â”€â”€â”€â”€â”€â”€â”€â”€â”€â”€â”€â”€â”€â”€â”€â”€â”€â”€â”€â”€â”€â”€â”€â”€â”€â”€â”€â”€â”€â”€â”€â”€â”€â”€â”€â”€â”€â”€â”€â”€â”€â”€â”€â”€â”€â”€â”€â”€â”€â”€â”€â”€â”€â”€â”€â”€â”€â”€â”€
2026-01-12T23:19:54.2133564Z 
2026-01-12T23:19:54.2133833Z     Retry #2 â”€â”€â”€â”€â”€â”€â”€â”€â”€â”€â”€â”€â”€â”€â”€â”€â”€â”€â”€â”€â”€â”€â”€â”€â”€â”€â”€â”€â”€â”€â”€â”€â”€â”€â”€â”€â”€â”€â”€â”€â”€â”€â”€â”€â”€â”€â”€â”€â”€â”€â”€â”€â”€â”€â”€â”€â”€â”€â”€â”€â”€â”€â”€â”€â”€â”€â”€â”€â”€â”€â”€â”€â”€â”€â”€â”€â”€â”€â”€â”€â”€â”€â”€â”€â”€â”€â”€
2026-01-12T23:19:54.2134100Z 
2026-01-12T23:19:54.2134242Z     [31mTest timeout of 30000ms exceeded.[39m
2026-01-12T23:19:54.2134598Z 
2026-01-12T23:19:54.2134855Z     Error: locator.click: Test timeout of 30000ms exceeded.
2026-01-12T23:19:54.2135145Z     Call log:
2026-01-12T23:19:54.2135459Z     [2m  - waiting for locator('[data-testid="chat-bubble"]')[22m
2026-01-12T23:19:54.2135697Z 
2026-01-12T23:19:54.2135701Z 
2026-01-12T23:19:54.2135758Z       173 |
2026-01-12T23:19:54.2135912Z       174 |     // Open
2026-01-12T23:19:54.2136100Z     > 175 |     await bubble.click();
2026-01-12T23:19:54.2136323Z           |                  ^
2026-01-12T23:19:54.2136544Z       176 |     await expect(window).toBeVisible();
2026-01-12T23:19:54.2136785Z       177 |
2026-01-12T23:19:54.2136929Z       178 |     // Close
2026-01-12T23:19:54.2137315Z         at /home/runner/work/Portfolio-Chatbot/Portfolio-Chatbot/apps/frontend/e2e/chat.spec.ts:175:18
2026-01-12T23:19:54.2137788Z 
2026-01-12T23:19:54.2138152Z     Error Context: test-results/chat-Chatbot-Widget-can-reopen-chat-after-closing-chromium-retry2/error-context.md
2026-01-12T23:19:54.2138622Z 
2026-01-12T23:19:54.2138977Z   11) [chromium] â€º e2e/chat.spec.ts:188:3 â€º Chatbot Widget â€º preserves conversation history when reopening 
2026-01-12T23:19:54.2139477Z 
2026-01-12T23:19:54.2139620Z     [31mTest timeout of 30000ms exceeded.[39m
2026-01-12T23:19:54.2140038Z 
2026-01-12T23:19:54.2140170Z     Error: locator.click: Test timeout of 30000ms exceeded.
2026-01-12T23:19:54.2140451Z     Call log:
2026-01-12T23:19:54.2140739Z     [2m  - waiting for locator('[data-testid="chat-bubble"]')[22m
2026-01-12T23:19:54.2140979Z 
2026-01-12T23:19:54.2140982Z 
2026-01-12T23:19:54.2141040Z       193 |
2026-01-12T23:19:54.2141207Z       194 |     // Open and send a message
2026-01-12T23:19:54.2141439Z     > 195 |     await bubble.click();
2026-01-12T23:19:54.2141659Z           |                  ^
2026-01-12T23:19:54.2141980Z       196 |     await input.fill('first message');
2026-01-12T23:19:54.2142274Z       197 |     await sendButton.click();
2026-01-12T23:19:54.2142491Z       198 |
2026-01-12T23:19:54.2142858Z         at /home/runner/work/Portfolio-Chatbot/Portfolio-Chatbot/apps/frontend/e2e/chat.spec.ts:195:18
2026-01-12T23:19:54.2143227Z 
2026-01-12T23:19:54.2143615Z     Error Context: test-results/chat-Chatbot-Widget-preser-11312-tion-history-when-reopening-chromium/error-context.md
2026-01-12T23:19:54.2144088Z 
2026-01-12T23:19:54.2144373Z     Retry #1 â”€â”€â”€â”€â”€â”€â”€â”€â”€â”€â”€â”€â”€â”€â”€â”€â”€â”€â”€â”€â”€â”€â”€â”€â”€â”€â”€â”€â”€â”€â”€â”€â”€â”€â”€â”€â”€â”€â”€â”€â”€â”€â”€â”€â”€â”€â”€â”€â”€â”€â”€â”€â”€â”€â”€â”€â”€â”€â”€â”€â”€â”€â”€â”€â”€â”€â”€â”€â”€â”€â”€â”€â”€â”€â”€â”€â”€â”€â”€â”€â”€â”€â”€â”€â”€â”€â”€
2026-01-12T23:19:54.2144644Z 
2026-01-12T23:19:54.2144777Z     [31mTest timeout of 30000ms exceeded.[39m
2026-01-12T23:19:54.2144954Z 
2026-01-12T23:19:54.2145080Z     Error: locator.click: Test timeout of 30000ms exceeded.
2026-01-12T23:19:54.2145358Z     Call log:
2026-01-12T23:19:54.2145650Z     [2m  - waiting for locator('[data-testid="chat-bubble"]')[22m
2026-01-12T23:19:54.2145980Z 
2026-01-12T23:19:54.2145984Z 
2026-01-12T23:19:54.2146045Z       193 |
2026-01-12T23:19:54.2146213Z       194 |     // Open and send a message
2026-01-12T23:19:54.2146456Z     > 195 |     await bubble.click();
2026-01-12T23:19:54.2146674Z           |                  ^
2026-01-12T23:19:54.2146891Z       196 |     await input.fill('first message');
2026-01-12T23:19:54.2147164Z       197 |     await sendButton.click();
2026-01-12T23:19:54.2147387Z       198 |
2026-01-12T23:19:54.2147752Z         at /home/runner/work/Portfolio-Chatbot/Portfolio-Chatbot/apps/frontend/e2e/chat.spec.ts:195:18
2026-01-12T23:19:54.2148219Z 
2026-01-12T23:19:54.2148651Z     Error Context: test-results/chat-Chatbot-Widget-preser-11312-tion-history-when-reopening-chromium-retry1/error-context.md
2026-01-12T23:19:54.2149166Z 
2026-01-12T23:19:54.2149494Z     attachment #2: trace (application/zip) â”€â”€â”€â”€â”€â”€â”€â”€â”€â”€â”€â”€â”€â”€â”€â”€â”€â”€â”€â”€â”€â”€â”€â”€â”€â”€â”€â”€â”€â”€â”€â”€â”€â”€â”€â”€â”€â”€â”€â”€â”€â”€â”€â”€â”€â”€â”€â”€â”€â”€â”€â”€â”€â”€â”€â”€â”€
2026-01-12T23:19:54.2150388Z     test-results/chat-Chatbot-Widget-preser-11312-tion-history-when-reopening-chromium-retry1/trace.zip
2026-01-12T23:19:54.2150882Z     Usage:
2026-01-12T23:19:54.2150981Z 
2026-01-12T23:19:54.2151556Z         npx playwright show-trace test-results/chat-Chatbot-Widget-preser-11312-tion-history-when-reopening-chromium-retry1/trace.zip
2026-01-12T23:19:54.2152092Z 
2026-01-12T23:19:54.2152391Z     â”€â”€â”€â”€â”€â”€â”€â”€â”€â”€â”€â”€â”€â”€â”€â”€â”€â”€â”€â”€â”€â”€â”€â”€â”€â”€â”€â”€â”€â”€â”€â”€â”€â”€â”€â”€â”€â”€â”€â”€â”€â”€â”€â”€â”€â”€â”€â”€â”€â”€â”€â”€â”€â”€â”€â”€â”€â”€â”€â”€â”€â”€â”€â”€â”€â”€â”€â”€â”€â”€â”€â”€â”€â”€â”€â”€â”€â”€â”€â”€â”€â”€â”€â”€â”€â”€â”€â”€â”€â”€â”€â”€â”€â”€â”€â”€
2026-01-12T23:19:54.2152645Z 
2026-01-12T23:19:54.2153032Z     Retry #2 â”€â”€â”€â”€â”€â”€â”€â”€â”€â”€â”€â”€â”€â”€â”€â”€â”€â”€â”€â”€â”€â”€â”€â”€â”€â”€â”€â”€â”€â”€â”€â”€â”€â”€â”€â”€â”€â”€â”€â”€â”€â”€â”€â”€â”€â”€â”€â”€â”€â”€â”€â”€â”€â”€â”€â”€â”€â”€â”€â”€â”€â”€â”€â”€â”€â”€â”€â”€â”€â”€â”€â”€â”€â”€â”€â”€â”€â”€â”€â”€â”€â”€â”€â”€â”€â”€â”€
2026-01-12T23:19:54.2153306Z 
2026-01-12T23:19:54.2153448Z     [31mTest timeout of 30000ms exceeded.[39m
2026-01-12T23:19:54.2153630Z 
2026-01-12T23:19:54.2153763Z     Error: locator.click: Test timeout of 30000ms exceeded.
2026-01-12T23:19:54.2154040Z     Call log:
2026-01-12T23:19:54.2154328Z     [2m  - waiting for locator('[data-testid="chat-bubble"]')[22m
2026-01-12T23:19:54.2154559Z 
2026-01-12T23:19:54.2154563Z 
2026-01-12T23:19:54.2154621Z       193 |
2026-01-12T23:19:54.2154791Z       194 |     // Open and send a message
2026-01-12T23:19:54.2155040Z     > 195 |     await bubble.click();
2026-01-12T23:19:54.2155267Z           |                  ^
2026-01-12T23:19:54.2155498Z       196 |     await input.fill('first message');
2026-01-12T23:19:54.2156064Z       197 |     await sendButton.click();
2026-01-12T23:19:54.2156294Z       198 |
2026-01-12T23:19:54.2156647Z         at /home/runner/work/Portfolio-Chatbot/Portfolio-Chatbot/apps/frontend/e2e/chat.spec.ts:195:18
2026-01-12T23:19:54.2157024Z 
2026-01-12T23:19:54.2157442Z     Error Context: test-results/chat-Chatbot-Widget-preser-11312-tion-history-when-reopening-chromium-retry2/error-context.md
2026-01-12T23:19:54.2157946Z 
2026-01-12T23:19:54.2158341Z   12) [chromium] â€º e2e/chat.spec.ts:214:3 â€º Chatbot Widget â€º handles empty input submission gracefully 
2026-01-12T23:19:54.2158689Z 
2026-01-12T23:19:54.2158822Z     [31mTest timeout of 30000ms exceeded.[39m
2026-01-12T23:19:54.2159000Z 
2026-01-12T23:19:54.2159131Z     Error: locator.click: Test timeout of 30000ms exceeded.
2026-01-12T23:19:54.2159399Z     Call log:
2026-01-12T23:19:54.2159920Z     [2m  - waiting for locator('[data-testid="chat-bubble"]')[22m
2026-01-12T23:19:54.2160198Z 
2026-01-12T23:19:54.2160202Z 
2026-01-12T23:19:54.2160411Z       214 |   test('handles empty input submission gracefully', async ({ page }) => {
2026-01-12T23:19:54.2160853Z       215 |     const bubble = page.locator('[data-testid="chat-bubble"]');
2026-01-12T23:19:54.2161183Z     > 216 |     await bubble.click();
2026-01-12T23:19:54.2161404Z           |                  ^
2026-01-12T23:19:54.2161596Z       217 |
2026-01-12T23:19:54.2161827Z       218 |     const input = page.locator('[data-testid="chat-input"]');
2026-01-12T23:19:54.2162239Z       219 |     const sendButton = page.locator('[data-testid="send-button"]');
2026-01-12T23:19:54.2162771Z         at /home/runner/work/Portfolio-Chatbot/Portfolio-Chatbot/apps/frontend/e2e/chat.spec.ts:216:18
2026-01-12T23:19:54.2163141Z 
2026-01-12T23:19:54.2163662Z     Error Context: test-results/chat-Chatbot-Widget-handle-ff1a0-input-submission-gracefully-chromium/error-context.md
2026-01-12T23:19:54.2164147Z 
2026-01-12T23:19:54.2164447Z     Retry #1 â”€â”€â”€â”€â”€â”€â”€â”€â”€â”€â”€â”€â”€â”€â”€â”€â”€â”€â”€â”€â”€â”€â”€â”€â”€â”€â”€â”€â”€â”€â”€â”€â”€â”€â”€â”€â”€â”€â”€â”€â”€â”€â”€â”€â”€â”€â”€â”€â”€â”€â”€â”€â”€â”€â”€â”€â”€â”€â”€â”€â”€â”€â”€â”€â”€â”€â”€â”€â”€â”€â”€â”€â”€â”€â”€â”€â”€â”€â”€â”€â”€â”€â”€â”€â”€â”€â”€
2026-01-12T23:19:54.2164722Z 
2026-01-12T23:19:54.2164860Z     [31mTest timeout of 30000ms exceeded.[39m
2026-01-12T23:19:54.2165169Z 
2026-01-12T23:19:54.2165299Z     Error: locator.click: Test timeout of 30000ms exceeded.
2026-01-12T23:19:54.2165573Z     Call log:
2026-01-12T23:19:54.2165857Z     [2m  - waiting for locator('[data-testid="chat-bubble"]')[22m
2026-01-12T23:19:54.2166087Z 
2026-01-12T23:19:54.2166090Z 
2026-01-12T23:19:54.2166279Z       214 |   test('handles empty input submission gracefully', async ({ page }) => {
2026-01-12T23:19:54.2166723Z       215 |     const bubble = page.locator('[data-testid="chat-bubble"]');
2026-01-12T23:19:54.2167047Z     > 216 |     await bubble.click();
2026-01-12T23:19:54.2167261Z           |                  ^
2026-01-12T23:19:54.2167445Z       217 |
2026-01-12T23:19:54.2167690Z       218 |     const input = page.locator('[data-testid="chat-input"]');
2026-01-12T23:19:54.2168093Z       219 |     const sendButton = page.locator('[data-testid="send-button"]');
2026-01-12T23:19:54.2168639Z         at /home/runner/work/Portfolio-Chatbot/Portfolio-Chatbot/apps/frontend/e2e/chat.spec.ts:216:18
2026-01-12T23:19:54.2169107Z 
2026-01-12T23:19:54.2169525Z     Error Context: test-results/chat-Chatbot-Widget-handle-ff1a0-input-submission-gracefully-chromium-retry1/error-context.md
2026-01-12T23:19:54.2170293Z 
2026-01-12T23:19:54.2170638Z     attachment #2: trace (application/zip) â”€â”€â”€â”€â”€â”€â”€â”€â”€â”€â”€â”€â”€â”€â”€â”€â”€â”€â”€â”€â”€â”€â”€â”€â”€â”€â”€â”€â”€â”€â”€â”€â”€â”€â”€â”€â”€â”€â”€â”€â”€â”€â”€â”€â”€â”€â”€â”€â”€â”€â”€â”€â”€â”€â”€â”€â”€
2026-01-12T23:19:54.2171297Z     test-results/chat-Chatbot-Widget-handle-ff1a0-input-submission-gracefully-chromium-retry1/trace.zip
2026-01-12T23:19:54.2171898Z     Usage:
2026-01-12T23:19:54.2171990Z 
2026-01-12T23:19:54.2172437Z         npx playwright show-trace test-results/chat-Chatbot-Widget-handle-ff1a0-input-submission-gracefully-chromium-retry1/trace.zip
2026-01-12T23:19:54.2172968Z 
2026-01-12T23:19:54.2173234Z     â”€â”€â”€â”€â”€â”€â”€â”€â”€â”€â”€â”€â”€â”€â”€â”€â”€â”€â”€â”€â”€â”€â”€â”€â”€â”€â”€â”€â”€â”€â”€â”€â”€â”€â”€â”€â”€â”€â”€â”€â”€â”€â”€â”€â”€â”€â”€â”€â”€â”€â”€â”€â”€â”€â”€â”€â”€â”€â”€â”€â”€â”€â”€â”€â”€â”€â”€â”€â”€â”€â”€â”€â”€â”€â”€â”€â”€â”€â”€â”€â”€â”€â”€â”€â”€â”€â”€â”€â”€â”€â”€â”€â”€â”€â”€â”€
2026-01-12T23:19:54.2173653Z 
2026-01-12T23:19:54.2173928Z     Retry #2 â”€â”€â”€â”€â”€â”€â”€â”€â”€â”€â”€â”€â”€â”€â”€â”€â”€â”€â”€â”€â”€â”€â”€â”€â”€â”€â”€â”€â”€â”€â”€â”€â”€â”€â”€â”€â”€â”€â”€â”€â”€â”€â”€â”€â”€â”€â”€â”€â”€â”€â”€â”€â”€â”€â”€â”€â”€â”€â”€â”€â”€â”€â”€â”€â”€â”€â”€â”€â”€â”€â”€â”€â”€â”€â”€â”€â”€â”€â”€â”€â”€â”€â”€â”€â”€â”€â”€
2026-01-12T23:19:54.2174190Z 
2026-01-12T23:19:54.2174499Z     [31mTest timeout of 30000ms exceeded.[39m
2026-01-12T23:19:54.2174767Z 
2026-01-12T23:19:54.2174926Z     Error: locator.click: Test timeout of 30000ms exceeded.
2026-01-12T23:19:54.2175260Z     Call log:
2026-01-12T23:19:54.2175687Z     [2m  - waiting for locator('[data-testid="chat-bubble"]')[22m
2026-01-12T23:19:54.2176017Z 
2026-01-12T23:19:54.2176020Z 
2026-01-12T23:19:54.2176313Z       214 |   test('handles empty input submission gracefully', async ({ page }) => {
2026-01-12T23:19:54.2176957Z       215 |     const bubble = page.locator('[data-testid="chat-bubble"]');
2026-01-12T23:19:54.2177458Z     > 216 |     await bubble.click();
2026-01-12T23:19:54.2177765Z           |                  ^
2026-01-12T23:19:54.2178049Z       217 |
2026-01-12T23:19:54.2178335Z       218 |     const input = page.locator('[data-testid="chat-input"]');
2026-01-12T23:19:54.2189560Z       219 |     const sendButton = page.locator('[data-testid="send-button"]');
2026-01-12T23:19:54.2190565Z         at /home/runner/work/Portfolio-Chatbot/Portfolio-Chatbot/apps/frontend/e2e/chat.spec.ts:216:18
2026-01-12T23:19:54.2190974Z 
2026-01-12T23:19:54.2191405Z     Error Context: test-results/chat-Chatbot-Widget-handle-ff1a0-input-submission-gracefully-chromium-retry2/error-context.md
2026-01-12T23:19:54.2191938Z 
2026-01-12T23:19:54.2192337Z   13) [chromium] â€º e2e/chat.spec.ts:232:3 â€º Chatbot Widget â€º handles whitespace-only input gracefully 
2026-01-12T23:19:54.2192712Z 
2026-01-12T23:19:54.2192865Z     [31mTest timeout of 30000ms exceeded.[39m
2026-01-12T23:19:54.2193055Z 
2026-01-12T23:19:54.2193371Z     Error: locator.click: Test timeout of 30000ms exceeded.
2026-01-12T23:19:54.2193671Z     Call log:
2026-01-12T23:19:54.2193968Z     [2m  - waiting for locator('[data-testid="chat-bubble"]')[22m
2026-01-12T23:19:54.2194220Z 
2026-01-12T23:19:54.2194224Z 
2026-01-12T23:19:54.2194428Z       232 |   test('handles whitespace-only input gracefully', async ({ page }) => {
2026-01-12T23:19:54.2194904Z       233 |     const bubble = page.locator('[data-testid="chat-bubble"]');
2026-01-12T23:19:54.2195246Z     > 234 |     await bubble.click();
2026-01-12T23:19:54.2195476Z           |                  ^
2026-01-12T23:19:54.2195664Z       235 |
2026-01-12T23:19:54.2195907Z       236 |     const input = page.locator('[data-testid="chat-input"]');
2026-01-12T23:19:54.2196323Z       237 |     const sendButton = page.locator('[data-testid="send-button"]');
2026-01-12T23:19:54.2196883Z         at /home/runner/work/Portfolio-Chatbot/Portfolio-Chatbot/apps/frontend/e2e/chat.spec.ts:234:18
2026-01-12T23:19:54.2197262Z 
2026-01-12T23:19:54.2197664Z     Error Context: test-results/chat-Chatbot-Widget-handles-whitespace-only-input-gracefully-chromium/error-context.md
2026-01-12T23:19:54.2198150Z 
2026-01-12T23:19:54.2198599Z     Retry #1 â”€â”€â”€â”€â”€â”€â”€â”€â”€â”€â”€â”€â”€â”€â”€â”€â”€â”€â”€â”€â”€â”€â”€â”€â”€â”€â”€â”€â”€â”€â”€â”€â”€â”€â”€â”€â”€â”€â”€â”€â”€â”€â”€â”€â”€â”€â”€â”€â”€â”€â”€â”€â”€â”€â”€â”€â”€â”€â”€â”€â”€â”€â”€â”€â”€â”€â”€â”€â”€â”€â”€â”€â”€â”€â”€â”€â”€â”€â”€â”€â”€â”€â”€â”€â”€â”€â”€
2026-01-12T23:19:54.2198877Z 
2026-01-12T23:19:54.2199016Z     [31mTest timeout of 30000ms exceeded.[39m
2026-01-12T23:19:54.2199194Z 
2026-01-12T23:19:54.2199324Z     Error: locator.click: Test timeout of 30000ms exceeded.
2026-01-12T23:19:54.2199603Z     Call log:
2026-01-12T23:19:54.2200246Z     [2m  - waiting for locator('[data-testid="chat-bubble"]')[22m
2026-01-12T23:19:54.2200493Z 
2026-01-12T23:19:54.2200496Z 
2026-01-12T23:19:54.2200695Z       232 |   test('handles whitespace-only input gracefully', async ({ page }) => {
2026-01-12T23:19:54.2201144Z       233 |     const bubble = page.locator('[data-testid="chat-bubble"]');
2026-01-12T23:19:54.2201472Z     > 234 |     await bubble.click();
2026-01-12T23:19:54.2201711Z           |                  ^
2026-01-12T23:19:54.2201898Z       235 |
2026-01-12T23:19:54.2202135Z       236 |     const input = page.locator('[data-testid="chat-input"]');
2026-01-12T23:19:54.2202553Z       237 |     const sendButton = page.locator('[data-testid="send-button"]');
2026-01-12T23:19:54.2203113Z         at /home/runner/work/Portfolio-Chatbot/Portfolio-Chatbot/apps/frontend/e2e/chat.spec.ts:234:18
2026-01-12T23:19:54.2203486Z 
2026-01-12T23:19:54.2203915Z     Error Context: test-results/chat-Chatbot-Widget-handles-whitespace-only-input-gracefully-chromium-retry1/error-context.md
2026-01-12T23:19:54.2204434Z 
2026-01-12T23:19:54.2204760Z     attachment #2: trace (application/zip) â”€â”€â”€â”€â”€â”€â”€â”€â”€â”€â”€â”€â”€â”€â”€â”€â”€â”€â”€â”€â”€â”€â”€â”€â”€â”€â”€â”€â”€â”€â”€â”€â”€â”€â”€â”€â”€â”€â”€â”€â”€â”€â”€â”€â”€â”€â”€â”€â”€â”€â”€â”€â”€â”€â”€â”€â”€
2026-01-12T23:19:54.2205446Z     test-results/chat-Chatbot-Widget-handles-whitespace-only-input-gracefully-chromium-retry1/trace.zip
2026-01-12T23:19:54.2205955Z     Usage:
2026-01-12T23:19:54.2206045Z 
2026-01-12T23:19:54.2206628Z         npx playwright show-trace test-results/chat-Chatbot-Widget-handles-whitespace-only-input-gracefully-chromium-retry1/trace.zip
2026-01-12T23:19:54.2207179Z 
2026-01-12T23:19:54.2207448Z     â”€â”€â”€â”€â”€â”€â”€â”€â”€â”€â”€â”€â”€â”€â”€â”€â”€â”€â”€â”€â”€â”€â”€â”€â”€â”€â”€â”€â”€â”€â”€â”€â”€â”€â”€â”€â”€â”€â”€â”€â”€â”€â”€â”€â”€â”€â”€â”€â”€â”€â”€â”€â”€â”€â”€â”€â”€â”€â”€â”€â”€â”€â”€â”€â”€â”€â”€â”€â”€â”€â”€â”€â”€â”€â”€â”€â”€â”€â”€â”€â”€â”€â”€â”€â”€â”€â”€â”€â”€â”€â”€â”€â”€â”€â”€â”€
2026-01-12T23:19:54.2207712Z 
2026-01-12T23:19:54.2207993Z     Retry #2 â”€â”€â”€â”€â”€â”€â”€â”€â”€â”€â”€â”€â”€â”€â”€â”€â”€â”€â”€â”€â”€â”€â”€â”€â”€â”€â”€â”€â”€â”€â”€â”€â”€â”€â”€â”€â”€â”€â”€â”€â”€â”€â”€â”€â”€â”€â”€â”€â”€â”€â”€â”€â”€â”€â”€â”€â”€â”€â”€â”€â”€â”€â”€â”€â”€â”€â”€â”€â”€â”€â”€â”€â”€â”€â”€â”€â”€â”€â”€â”€â”€â”€â”€â”€â”€â”€â”€
2026-01-12T23:19:54.2208256Z 
2026-01-12T23:19:54.2208394Z     [31mTest timeout of 30000ms exceeded.[39m
2026-01-12T23:19:54.2208572Z 
2026-01-12T23:19:54.2208707Z     Error: locator.click: Test timeout of 30000ms exceeded.
2026-01-12T23:19:54.2208980Z     Call log:
2026-01-12T23:19:54.2209276Z     [2m  - waiting for locator('[data-testid="chat-bubble"]')[22m
2026-01-12T23:19:54.2209506Z 
2026-01-12T23:19:54.2209510Z 
2026-01-12T23:19:54.2209868Z       232 |   test('handles whitespace-only input gracefully', async ({ page }) => {
2026-01-12T23:19:54.2210332Z       233 |     const bubble = page.locator('[data-testid="chat-bubble"]');
2026-01-12T23:19:54.2210667Z     > 234 |     await bubble.click();
2026-01-12T23:19:54.2210885Z           |                  ^
2026-01-12T23:19:54.2211203Z       235 |
2026-01-12T23:19:54.2211438Z       236 |     const input = page.locator('[data-testid="chat-input"]');
2026-01-12T23:19:54.2211857Z       237 |     const sendButton = page.locator('[data-testid="send-button"]');
2026-01-12T23:19:54.2212393Z         at /home/runner/work/Portfolio-Chatbot/Portfolio-Chatbot/apps/frontend/e2e/chat.spec.ts:234:18
2026-01-12T23:19:54.2212766Z 
2026-01-12T23:19:54.2213183Z     Error Context: test-results/chat-Chatbot-Widget-handles-whitespace-only-input-gracefully-chromium-retry2/error-context.md
2026-01-12T23:19:54.2213699Z 
2026-01-12T23:19:54.2214036Z   14) [chromium] â€º e2e/chat.spec.ts:248:3 â€º Widget Bootstrap â€º widget initializes on page load â”€â”€â”€â”€â”€
2026-01-12T23:19:54.2214371Z 
2026-01-12T23:19:54.2214655Z     Error: [2mexpect([22m[31mlocator[39m[2m).[22mtoBeVisible[2m([22m[2m)[22m failed
2026-01-12T23:19:54.2214962Z 
2026-01-12T23:19:54.2215071Z     Locator: locator('[data-testid="chat-bubble"]')
2026-01-12T23:19:54.2215341Z     Expected: visible
2026-01-12T23:19:54.2215528Z     Timeout: 10000ms
2026-01-12T23:19:54.2215718Z     Error: element(s) not found
2026-01-12T23:19:54.2215858Z 
2026-01-12T23:19:54.2215920Z     Call log:
2026-01-12T23:19:54.2216184Z     [2m  - Expect "toBeVisible" with timeout 10000ms[22m
2026-01-12T23:19:54.2216574Z     [2m  - waiting for locator('[data-testid="chat-bubble"]')[22m
2026-01-12T23:19:54.2216813Z 
2026-01-12T23:19:54.2216817Z 
2026-01-12T23:19:54.2216913Z       252 |     // Wait for widget to be available
2026-01-12T23:19:54.2217255Z       253 |     const bubble = page.locator('[data-testid="chat-bubble"]');
2026-01-12T23:19:54.2217639Z     > 254 |     await expect(bubble).toBeVisible({ timeout: 10000 });
2026-01-12T23:19:54.2217939Z           |                          ^
2026-01-12T23:19:54.2218146Z       255 |   });
2026-01-12T23:19:54.2218314Z       256 |
2026-01-12T23:19:54.2218560Z       257 |   test('widget is injected at end of body', async ({ page }) => {
2026-01-12T23:19:54.2219088Z         at /home/runner/work/Portfolio-Chatbot/Portfolio-Chatbot/apps/frontend/e2e/chat.spec.ts:254:26
2026-01-12T23:19:54.2219461Z 
2026-01-12T23:19:54.2219942Z     Error Context: test-results/chat-Widget-Bootstrap-widget-initializes-on-page-load-chromium/error-context.md
2026-01-12T23:19:54.2220393Z 
2026-01-12T23:19:54.2220672Z     Retry #1 â”€â”€â”€â”€â”€â”€â”€â”€â”€â”€â”€â”€â”€â”€â”€â”€â”€â”€â”€â”€â”€â”€â”€â”€â”€â”€â”€â”€â”€â”€â”€â”€â”€â”€â”€â”€â”€â”€â”€â”€â”€â”€â”€â”€â”€â”€â”€â”€â”€â”€â”€â”€â”€â”€â”€â”€â”€â”€â”€â”€â”€â”€â”€â”€â”€â”€â”€â”€â”€â”€â”€â”€â”€â”€â”€â”€â”€â”€â”€â”€â”€â”€â”€â”€â”€â”€â”€
2026-01-12T23:19:54.2220948Z 
2026-01-12T23:19:54.2221222Z     Error: [2mexpect([22m[31mlocator[39m[2m).[22mtoBeVisible[2m([22m[2m)[22m failed
2026-01-12T23:19:54.2221527Z 
2026-01-12T23:19:54.2221634Z     Locator: locator('[data-testid="chat-bubble"]')
2026-01-12T23:19:54.2221900Z     Expected: visible
2026-01-12T23:19:54.2222084Z     Timeout: 10000ms
2026-01-12T23:19:54.2222266Z     Error: element(s) not found
2026-01-12T23:19:54.2222525Z 
2026-01-12T23:19:54.2222596Z     Call log:
2026-01-12T23:19:54.2222860Z     [2m  - Expect "toBeVisible" with timeout 10000ms[22m
2026-01-12T23:19:54.2223267Z     [2m  - waiting for locator('[data-testid="chat-bubble"]')[22m
2026-01-12T23:19:54.2223496Z 
2026-01-12T23:19:54.2223499Z 
2026-01-12T23:19:54.2223593Z       252 |     // Wait for widget to be available
2026-01-12T23:19:54.2223931Z       253 |     const bubble = page.locator('[data-testid="chat-bubble"]');
2026-01-12T23:19:54.2224319Z     > 254 |     await expect(bubble).toBeVisible({ timeout: 10000 });
2026-01-12T23:19:54.2224607Z           |                          ^
2026-01-12T23:19:54.2224815Z       255 |   });
2026-01-12T23:19:54.2224969Z       256 |
2026-01-12T23:19:54.2225217Z       257 |   test('widget is injected at end of body', async ({ page }) => {
2026-01-12T23:19:54.2225734Z         at /home/runner/work/Portfolio-Chatbot/Portfolio-Chatbot/apps/frontend/e2e/chat.spec.ts:254:26
2026-01-12T23:19:54.2226109Z 
2026-01-12T23:19:54.2226515Z     Error Context: test-results/chat-Widget-Bootstrap-widget-initializes-on-page-load-chromium-retry1/error-context.md
2026-01-12T23:19:54.2227116Z 
2026-01-12T23:19:54.2227440Z     attachment #2: trace (application/zip) â”€â”€â”€â”€â”€â”€â”€â”€â”€â”€â”€â”€â”€â”€â”€â”€â”€â”€â”€â”€â”€â”€â”€â”€â”€â”€â”€â”€â”€â”€â”€â”€â”€â”€â”€â”€â”€â”€â”€â”€â”€â”€â”€â”€â”€â”€â”€â”€â”€â”€â”€â”€â”€â”€â”€â”€â”€
2026-01-12T23:19:54.2228069Z     test-results/chat-Widget-Bootstrap-widget-initializes-on-page-load-chromium-retry1/trace.zip
2026-01-12T23:19:54.2228538Z     Usage:
2026-01-12T23:19:54.2228627Z 
2026-01-12T23:19:54.2229027Z         npx playwright show-trace test-results/chat-Widget-Bootstrap-widget-initializes-on-page-load-chromium-retry1/trace.zip
2026-01-12T23:19:54.2229529Z 
2026-01-12T23:19:54.2230063Z     â”€â”€â”€â”€â”€â”€â”€â”€â”€â”€â”€â”€â”€â”€â”€â”€â”€â”€â”€â”€â”€â”€â”€â”€â”€â”€â”€â”€â”€â”€â”€â”€â”€â”€â”€â”€â”€â”€â”€â”€â”€â”€â”€â”€â”€â”€â”€â”€â”€â”€â”€â”€â”€â”€â”€â”€â”€â”€â”€â”€â”€â”€â”€â”€â”€â”€â”€â”€â”€â”€â”€â”€â”€â”€â”€â”€â”€â”€â”€â”€â”€â”€â”€â”€â”€â”€â”€â”€â”€â”€â”€â”€â”€â”€â”€â”€
2026-01-12T23:19:54.2230349Z 
2026-01-12T23:19:54.2230637Z     Retry #2 â”€â”€â”€â”€â”€â”€â”€â”€â”€â”€â”€â”€â”€â”€â”€â”€â”€â”€â”€â”€â”€â”€â”€â”€â”€â”€â”€â”€â”€â”€â”€â”€â”€â”€â”€â”€â”€â”€â”€â”€â”€â”€â”€â”€â”€â”€â”€â”€â”€â”€â”€â”€â”€â”€â”€â”€â”€â”€â”€â”€â”€â”€â”€â”€â”€â”€â”€â”€â”€â”€â”€â”€â”€â”€â”€â”€â”€â”€â”€â”€â”€â”€â”€â”€â”€â”€â”€
2026-01-12T23:19:54.2230912Z 
2026-01-12T23:19:54.2231211Z     Error: [2mexpect([22m[31mlocator[39m[2m).[22mtoBeVisible[2m([22m[2m)[22m failed
2026-01-12T23:19:54.2231526Z 
2026-01-12T23:19:54.2231649Z     Locator: locator('[data-testid="chat-bubble"]')
2026-01-12T23:19:54.2231914Z     Expected: visible
2026-01-12T23:19:54.2232101Z     Timeout: 10000ms
2026-01-12T23:19:54.2232288Z     Error: element(s) not found
2026-01-12T23:19:54.2232434Z 
2026-01-12T23:19:54.2232496Z     Call log:
2026-01-12T23:19:54.2232761Z     [2m  - Expect "toBeVisible" with timeout 10000ms[22m
2026-01-12T23:19:54.2233156Z     [2m  - waiting for locator('[data-testid="chat-bubble"]')[22m
2026-01-12T23:19:54.2233396Z 
2026-01-12T23:19:54.2233400Z 
2026-01-12T23:19:54.2233494Z       252 |     // Wait for widget to be available
2026-01-12T23:19:54.2233828Z       253 |     const bubble = page.locator('[data-testid="chat-bubble"]');
2026-01-12T23:19:54.2234220Z     > 254 |     await expect(bubble).toBeVisible({ timeout: 10000 });
2026-01-12T23:19:54.2234645Z           |                          ^
2026-01-12T23:19:54.2234856Z       255 |   });
2026-01-12T23:19:54.2235015Z       256 |
2026-01-12T23:19:54.2235260Z       257 |   test('widget is injected at end of body', async ({ page }) => {
2026-01-12T23:19:54.2235795Z         at /home/runner/work/Portfolio-Chatbot/Portfolio-Chatbot/apps/frontend/e2e/chat.spec.ts:254:26
2026-01-12T23:19:54.2236165Z 
2026-01-12T23:19:54.2236551Z     Error Context: test-results/chat-Widget-Bootstrap-widget-initializes-on-page-load-chromium-retry2/error-context.md
2026-01-12T23:19:54.2237035Z 
2026-01-12T23:19:54.2237354Z   15) [chromium] â€º e2e/chat.spec.ts:257:3 â€º Widget Bootstrap â€º widget is injected at end of body â”€â”€â”€
2026-01-12T23:19:54.2237688Z 
2026-01-12T23:19:54.2237970Z     Error: [2mexpect([22m[31mlocator[39m[2m).[22mtoBeVisible[2m([22m[2m)[22m failed
2026-01-12T23:19:54.2238271Z 
2026-01-12T23:19:54.2238384Z     Locator:  locator('#portfolio-chatbot-root')
2026-01-12T23:19:54.2238652Z     Expected: visible
2026-01-12T23:19:54.2238861Z     Received: hidden
2026-01-12T23:19:54.2239054Z     Timeout:  5000ms
2026-01-12T23:19:54.2239161Z 
2026-01-12T23:19:54.2239227Z     Call log:
2026-01-12T23:19:54.2239485Z     [2m  - Expect "toBeVisible" with timeout 5000ms[22m
2026-01-12T23:19:54.2240214Z     [2m  - waiting for locator('#portfolio-chatbot-root')[22m
2026-01-12T23:19:54.2240714Z     [2m    9 Ã— locator resolved to <div id="portfolio-chatbot-root"></div>[22m
2026-01-12T23:19:54.2241135Z     [2m      - unexpected value "hidden"[22m
2026-01-12T23:19:54.2241313Z 
2026-01-12T23:19:54.2241317Z 
2026-01-12T23:19:54.2241377Z       259 |
2026-01-12T23:19:54.2241613Z       260 |     const root = page.locator('#portfolio-chatbot-root');
2026-01-12T23:19:54.2241943Z     > 261 |     await expect(root).toBeVisible();
2026-01-12T23:19:54.2242189Z           |                        ^
2026-01-12T23:19:54.2242396Z       262 |   });
2026-01-12T23:19:54.2242548Z       263 | });
2026-01-12T23:19:54.2242705Z       264 |
2026-01-12T23:19:54.2243073Z         at /home/runner/work/Portfolio-Chatbot/Portfolio-Chatbot/apps/frontend/e2e/chat.spec.ts:261:24
2026-01-12T23:19:54.2243445Z 
2026-01-12T23:19:54.2243802Z     Error Context: test-results/chat-Widget-Bootstrap-widget-is-injected-at-end-of-body-chromium/error-context.md
2026-01-12T23:19:54.2244411Z 
2026-01-12T23:19:54.2244695Z     Retry #1 â”€â”€â”€â”€â”€â”€â”€â”€â”€â”€â”€â”€â”€â”€â”€â”€â”€â”€â”€â”€â”€â”€â”€â”€â”€â”€â”€â”€â”€â”€â”€â”€â”€â”€â”€â”€â”€â”€â”€â”€â”€â”€â”€â”€â”€â”€â”€â”€â”€â”€â”€â”€â”€â”€â”€â”€â”€â”€â”€â”€â”€â”€â”€â”€â”€â”€â”€â”€â”€â”€â”€â”€â”€â”€â”€â”€â”€â”€â”€â”€â”€â”€â”€â”€â”€â”€â”€
2026-01-12T23:19:54.2244963Z 
2026-01-12T23:19:54.2245246Z     Error: [2mexpect([22m[31mlocator[39m[2m).[22mtoBeVisible[2m([22m[2m)[22m failed
2026-01-12T23:19:54.2245552Z 
2026-01-12T23:19:54.2245664Z     Locator:  locator('#portfolio-chatbot-root')
2026-01-12T23:19:54.2245928Z     Expected: visible
2026-01-12T23:19:54.2246105Z     Received: hidden
2026-01-12T23:19:54.2246279Z     Timeout:  5000ms
2026-01-12T23:19:54.2246385Z 
2026-01-12T23:19:54.2246448Z     Call log:
2026-01-12T23:19:54.2246705Z     [2m  - Expect "toBeVisible" with timeout 5000ms[22m
2026-01-12T23:19:54.2247099Z     [2m  - waiting for locator('#portfolio-chatbot-root')[22m
2026-01-12T23:19:54.2247553Z     [2m    9 Ã— locator resolved to <div id="portfolio-chatbot-root"></div>[22m
2026-01-12T23:19:54.2247973Z     [2m      - unexpected value "hidden"[22m
2026-01-12T23:19:54.2248146Z 
2026-01-12T23:19:54.2248150Z 
2026-01-12T23:19:54.2248209Z       259 |
2026-01-12T23:19:54.2248438Z       260 |     const root = page.locator('#portfolio-chatbot-root');
2026-01-12T23:19:54.2248768Z     > 261 |     await expect(root).toBeVisible();
2026-01-12T23:19:54.2249022Z           |                        ^
2026-01-12T23:19:54.2249229Z       262 |   });
2026-01-12T23:19:54.2249379Z       263 | });
2026-01-12T23:19:54.2249534Z       264 |
2026-01-12T23:19:54.2250153Z         at /home/runner/work/Portfolio-Chatbot/Portfolio-Chatbot/apps/frontend/e2e/chat.spec.ts:261:24
2026-01-12T23:19:54.2250538Z 
2026-01-12T23:19:54.2251071Z     Error Context: test-results/chat-Widget-Bootstrap-widget-is-injected-at-end-of-body-chromium-retry1/error-context.md
2026-01-12T23:19:54.2251583Z 
2026-01-12T23:19:54.2251925Z     attachment #2: trace (application/zip) â”€â”€â”€â”€â”€â”€â”€â”€â”€â”€â”€â”€â”€â”€â”€â”€â”€â”€â”€â”€â”€â”€â”€â”€â”€â”€â”€â”€â”€â”€â”€â”€â”€â”€â”€â”€â”€â”€â”€â”€â”€â”€â”€â”€â”€â”€â”€â”€â”€â”€â”€â”€â”€â”€â”€â”€â”€
2026-01-12T23:19:54.2252572Z     test-results/chat-Widget-Bootstrap-widget-is-injected-at-end-of-body-chromium-retry1/trace.zip
2026-01-12T23:19:54.2253043Z     Usage:
2026-01-12T23:19:54.2253133Z 
2026-01-12T23:19:54.2253541Z         npx playwright show-trace test-results/chat-Widget-Bootstrap-widget-is-injected-at-end-of-body-chromium-retry1/trace.zip
2026-01-12T23:19:54.2254050Z 
2026-01-12T23:19:54.2254315Z     â”€â”€â”€â”€â”€â”€â”€â”€â”€â”€â”€â”€â”€â”€â”€â”€â”€â”€â”€â”€â”€â”€â”€â”€â”€â”€â”€â”€â”€â”€â”€â”€â”€â”€â”€â”€â”€â”€â”€â”€â”€â”€â”€â”€â”€â”€â”€â”€â”€â”€â”€â”€â”€â”€â”€â”€â”€â”€â”€â”€â”€â”€â”€â”€â”€â”€â”€â”€â”€â”€â”€â”€â”€â”€â”€â”€â”€â”€â”€â”€â”€â”€â”€â”€â”€â”€â”€â”€â”€â”€â”€â”€â”€â”€â”€â”€
2026-01-12T23:19:54.2254571Z 
2026-01-12T23:19:54.2254845Z     Retry #2 â”€â”€â”€â”€â”€â”€â”€â”€â”€â”€â”€â”€â”€â”€â”€â”€â”€â”€â”€â”€â”€â”€â”€â”€â”€â”€â”€â”€â”€â”€â”€â”€â”€â”€â”€â”€â”€â”€â”€â”€â”€â”€â”€â”€â”€â”€â”€â”€â”€â”€â”€â”€â”€â”€â”€â”€â”€â”€â”€â”€â”€â”€â”€â”€â”€â”€â”€â”€â”€â”€â”€â”€â”€â”€â”€â”€â”€â”€â”€â”€â”€â”€â”€â”€â”€â”€â”€
2026-01-12T23:19:54.2255107Z 
2026-01-12T23:19:54.2255383Z     Error: [2mexpect([22m[31mlocator[39m[2m).[22mtoBeVisible[2m([22m[2m)[22m failed
2026-01-12T23:19:54.2255706Z 
2026-01-12T23:19:54.2255816Z     Locator:  locator('#portfolio-chatbot-root')
2026-01-12T23:19:54.2256077Z     Expected: visible
2026-01-12T23:19:54.2256382Z     Received: hidden
2026-01-12T23:19:54.2256553Z     Timeout:  5000ms
2026-01-12T23:19:54.2256668Z 
2026-01-12T23:19:54.2256729Z     Call log:
2026-01-12T23:19:54.2256994Z     [2m  - Expect "toBeVisible" with timeout 5000ms[22m
2026-01-12T23:19:54.2257381Z     [2m  - waiting for locator('#portfolio-chatbot-root')[22m
2026-01-12T23:19:54.2257847Z     [2m    9 Ã— locator resolved to <div id="portfolio-chatbot-root"></div>[22m
2026-01-12T23:19:54.2258257Z     [2m      - unexpected value "hidden"[22m
2026-01-12T23:19:54.2258438Z 
2026-01-12T23:19:54.2258442Z 
2026-01-12T23:19:54.2258501Z       259 |
2026-01-12T23:19:54.2258733Z       260 |     const root = page.locator('#portfolio-chatbot-root');
2026-01-12T23:19:54.2259062Z     > 261 |     await expect(root).toBeVisible();
2026-01-12T23:19:54.2259321Z           |                        ^
2026-01-12T23:19:54.2259520Z       262 |   });
2026-01-12T23:19:54.2259888Z       263 | });
2026-01-12T23:19:54.2260054Z       264 |
2026-01-12T23:19:54.2260437Z         at /home/runner/work/Portfolio-Chatbot/Portfolio-Chatbot/apps/frontend/e2e/chat.spec.ts:261:24
2026-01-12T23:19:54.2260810Z 
2026-01-12T23:19:54.2261210Z     Error Context: test-results/chat-Widget-Bootstrap-widget-is-injected-at-end-of-body-chromium-retry2/error-context.md
2026-01-12T23:19:54.2261709Z 
2026-01-12T23:19:54.2261769Z   15 failed
2026-01-12T23:19:54.2262183Z     [chromium] â€º e2e/chat.spec.ts:10:3 â€º Chatbot Widget â€º shows chat bubble when chatbot is available 
2026-01-12T23:19:54.2262823Z     [chromium] â€º e2e/chat.spec.ts:15:3 â€º Chatbot Widget â€º opens chat window when bubble is clicked â”€
2026-01-12T23:19:54.2263923Z     [chromium] â€º e2e/chat.spec.ts:23:3 â€º Chatbot Widget â€º can send a message and receive a response 
2026-01-12T23:19:54.2265194Z     [chromium] â€º e2e/chat.spec.ts:43:3 â€º Chatbot Widget â€º shows loading state during message transmission 
2026-01-12T23:19:54.2266443Z     [chromium] â€º e2e/chat.spec.ts:67:3 â€º Chatbot Widget â€º disables input during message transmission 
2026-01-12T23:19:54.2267650Z     [chromium] â€º e2e/chat.spec.ts:89:3 â€º Chatbot Widget â€º clears input after sending message â”€â”€â”€â”€â”€â”€â”€
2026-01-12T23:19:54.2268922Z     [chromium] â€º e2e/chat.spec.ts:109:3 â€º Chatbot Widget â€º displays multiple messages in conversation history 
2026-01-12T23:19:54.2270387Z     [chromium] â€º e2e/chat.spec.ts:134:3 â€º Chatbot Widget â€º scrolls to new messages â”€â”€â”€â”€â”€â”€â”€â”€â”€â”€â”€â”€â”€â”€â”€â”€â”€
2026-01-12T23:19:54.2271596Z     [chromium] â€º e2e/chat.spec.ts:153:3 â€º Chatbot Widget â€º closes chat window when close button is clicked 
2026-01-12T23:19:54.2272824Z     [chromium] â€º e2e/chat.spec.ts:170:3 â€º Chatbot Widget â€º can reopen chat after closing â”€â”€â”€â”€â”€â”€â”€â”€â”€â”€â”€
2026-01-12T23:19:54.2274027Z     [chromium] â€º e2e/chat.spec.ts:188:3 â€º Chatbot Widget â€º preserves conversation history when reopening 
2026-01-12T23:19:54.2275390Z     [chromium] â€º e2e/chat.spec.ts:214:3 â€º Chatbot Widget â€º handles empty input submission gracefully 
2026-01-12T23:19:54.2276631Z     [chromium] â€º e2e/chat.spec.ts:232:3 â€º Chatbot Widget â€º handles whitespace-only input gracefully 
2026-01-12T23:19:54.2277807Z     [chromium] â€º e2e/chat.spec.ts:248:3 â€º Widget Bootstrap â€º widget initializes on page load â”€â”€â”€â”€â”€â”€â”€
2026-01-12T23:19:54.2278975Z     [chromium] â€º e2e/chat.spec.ts:257:3 â€º Widget Bootstrap â€º widget is injected at end of body â”€â”€â”€â”€â”€
2026-01-12T23:19:54.2495025Z error: script "test:e2e" exited with code 1
2026-01-12T23:19:54.2502087Z error: script "test:e2e" exited with code 1
2026-01-12T23:19:54.2515863Z ##[error]Process completed with exit code 1.
2026-01-12T23:19:54.2572264Z ##[group]Run actions/upload-artifact@v4
2026-01-12T23:19:54.2572525Z with:
2026-01-12T23:19:54.2572702Z   name: playwright-report
2026-01-12T23:19:54.2572939Z   path: apps/frontend/playwright-report/
2026-01-12T23:19:54.2573188Z   retention-days: 7
2026-01-12T23:19:54.2573369Z   if-no-files-found: warn
2026-01-12T23:19:54.2573570Z   compression-level: 6
2026-01-12T23:19:54.2573757Z   overwrite: false
2026-01-12T23:19:54.2573935Z   include-hidden-files: false
2026-01-12T23:19:54.2574318Z ##[endgroup]
2026-01-12T23:19:54.4803022Z With the provided path, there will be 33 files uploaded
2026-01-12T23:19:54.4807535Z Artifact name is valid!
2026-01-12T23:19:54.4808662Z Root directory input is valid!
2026-01-12T23:19:54.5919484Z Beginning upload of artifact content to blob storage
2026-01-12T23:19:54.7865775Z Uploaded bytes 984042
2026-01-12T23:19:54.7992063Z Finished uploading artifact content to blob storage!
2026-01-12T23:19:54.7995710Z SHA256 digest of uploaded artifact zip is d553c9da352c3de62b5054053fb9c22d76f42ce75587fcf07e7fcc9be19b4737
2026-01-12T23:19:54.8006123Z Finalizing artifact upload
2026-01-12T23:19:54.9067949Z Artifact playwright-report.zip successfully finalized. Artifact ID 5105193023
2026-01-12T23:19:54.9069216Z Artifact playwright-report has been successfully uploaded! Final size is 984042 bytes. Artifact ID is 5105193023
2026-01-12T23:19:54.9075468Z Artifact download URL: https://github.com/aliyev12/Portfolio-Chatbot/actions/runs/20937964469/artifacts/5105193023
2026-01-12T23:19:54.9249077Z Post job cleanup.
2026-01-12T23:19:55.0171418Z [command]/usr/bin/git version
2026-01-12T23:19:55.0212619Z git version 2.52.0
2026-01-12T23:19:55.0274110Z Temporarily overriding HOME='/home/runner/work/_temp/06ed7cf0-c2fa-49ea-a0dd-80e999886361' before making global git config changes
2026-01-12T23:19:55.0275443Z Adding repository directory to the temporary git global config as a safe directory
2026-01-12T23:19:55.0282775Z [command]/usr/bin/git config --global --add safe.directory /home/runner/work/Portfolio-Chatbot/Portfolio-Chatbot
2026-01-12T23:19:55.0331666Z [command]/usr/bin/git config --local --name-only --get-regexp core\.sshCommand
2026-01-12T23:19:55.0368673Z [command]/usr/bin/git submodule foreach --recursive sh -c "git config --local --name-only --get-regexp 'core\.sshCommand' && git config --local --unset-all 'core.sshCommand' || :"
2026-01-12T23:19:55.0613952Z [command]/usr/bin/git config --local --name-only --get-regexp http\.https\:\/\/github\.com\/\.extraheader
2026-01-12T23:19:55.0636856Z http.https://github.com/.extraheader
2026-01-12T23:19:55.0650835Z [command]/usr/bin/git config --local --unset-all http.https://github.com/.extraheader
2026-01-12T23:19:55.0685433Z [command]/usr/bin/git submodule foreach --recursive sh -c "git config --local --name-only --get-regexp 'http\.https\:\/\/github\.com\/\.extraheader' && git config --local --unset-all 'http.https://github.com/.extraheader' || :"
2026-01-12T23:19:55.0923212Z [command]/usr/bin/git config --local --name-only --get-regexp ^includeIf\.gitdir:
2026-01-12T23:19:55.0958791Z [command]/usr/bin/git submodule foreach --recursive git config --local --show-origin --name-only --get-regexp remote.origin.url
2026-01-12T23:19:55.1303988Z Cleaning up orphan processes
2026-01-12T23:19:55.1614428Z Terminate orphan process: pid (2960) (bun)
2026-01-12T23:19:55.1633850Z Terminate orphan process: pid (2961) (bun)